[19:24:07.623] [Main Thread/INFO] [tML]: Starting tModLoader client 1.4.4.9+2026.08.3.0|2026.08|stable|Stable|c9545cf27d56c456321e1896274c02adf67d0140|5250950117352386884 built 2026/10/1 8:04
[19:24:07.628] [Main Thread/INFO] [tML]: Log date: 2026/10/8
[19:24:07.628] [Main Thread/INFO] [tML]: Running on Windows (v10.0.26200.0) X64 NetCore 8.0.0
[19:24:07.631] [Main Thread/INFO] [tML]: CPU: 16 processors. RAM: 23.7 GB
[19:24:07.631] [Main Thread/INFO] [tML]: FrameworkDescription: .NET 8.0.0
[19:24:07.631] [Main Thread/INFO] [tML]: Executable: E:\steam\steamapps\common\tModLoader\tModLoader.dll
[19:24:07.631] [Main Thread/INFO] [tML]: Working Directory: E:\steam\steamapps\common\tModLoader
[19:24:07.926] [Main Thread/INFO] [tML]: Attempt to Port from "C:/Users/p老师\Documents\My Games\Terraria\tModLoader" to "C:/Users/p老师\Documents\My Games\Terraria\tModLoader-1.4.3" aborted, "2026.8.3.0" is a newer version.
[19:24:07.929] [Main Thread/WARN] [tML]: Saves paths had incorrect slashes somehow: "C:/Users/p老师\Documents\My Games\Terraria\tModLoader"=>"C:\Users\p老师\Documents\My Games\Terraria\tModLoader", "C:/Users/p老师\Documents\My Games\Terraria\tModLoader"=>"C:\Users\p老师\Documents\My Games\Terraria\tModLoader"
[19:24:07.929] [Main Thread/INFO] [tML]: Saves Are Located At: C:\Users\p老师\Documents\My Games\Terraria\tModLoader
[19:24:07.936] [Main Thread/INFO] [tML]: Display DPI: Diagonal DPI is 144. Vertical DPI is 144. Horizontal DPI is 144
[19:24:07.936] [Main Thread/INFO] [tML]: High DPI Display detected: setting FNA to highdpi mode
[19:24:07.938] [Main Thread/DEBUG] [FNA]: Querying linked library versions...
[19:24:07.939] [Main Thread/DEBUG] [FNA]: SDL v2.28.2
[19:24:07.939] [Main Thread/DEBUG] [FNA]: FNA3D v23.10.0
[19:24:07.941] [Main Thread/DEBUG] [FNA]: FAudio v22.9.1
[19:24:08.151] [Main Thread/INFO] [tML]: Distribution Platform: Steam. Detection method: CWD is /steamapps/
[19:24:08.160] [Main Thread/DEBUG] [tML]: Process.Start (UseShellExecute = False): "E:\steam\steamapps\common\tModLoader\dotnet\dotnet.exe" tModLoader.dll -terrariasteamclient 1732
[19:24:08.552] [Main Thread/DEBUG] [TerrariaSteamClient]: Recv: init_success
[19:24:08.552] [Main Thread/DEBUG] [TerrariaSteamClient]: Send: acknowledged
[19:24:08.947] [Main Thread/INFO] [FNA]: SDL.SDL_Init(SDL.SDL_INIT_VIDEO)...
[19:24:08.948] [Main Thread/INFO] [FNA]: Success
[19:24:08.949] [Main Thread/INFO] [FNA]: SDL.SDL_InitSubSystem(SDL.SDL_INIT_GAMECONTROLLER)...
[19:24:09.029] [Main Thread/INFO] [FNA]: Success
[19:24:09.175] [Main Thread/DEBUG] [tML]: Native Resolve: Steamworks.NET, Version=1.0.0.0, Culture=neutral, PublicKeyToken=null -> steam_api
[19:24:09.175] [Main Thread/DEBUG] [tML]: 	delegating to Steamworks.NET.AnyCPU resolver
[19:24:09.341] [Main Thread/INFO] [tML]: Attempt to Port from "E:\steam\userdata\1231494050\105600\remote\tModLoader" to "E:\steam\userdata\1231494050\105600\remote\tModLoader-1.4.3" aborted, "2026.8.3.0" is a newer version.
[19:24:09.356] [Main Thread/INFO] [Terraria]: Steam Cloud Quota: 941.2 MB available
[19:24:09.363] [Main Thread/INFO] [tML]: Steam beta branch: None
[19:24:09.363] [Main Thread/INFO] [tML]: SteamBackend: Running standard Steam Desktop Client API
[19:24:09.369] [Main Thread/INFO] [tML]: Current 1281930 Workshop Folder Directory: E:\steam\steamapps\common\tModLoader\..\..\workshop
[19:24:09.524] [Main Thread/INFO] [FNA]: SDL Video Diver: windows
[19:24:09.524] [Main Thread/INFO] [FNA]: FNA3D Driver: D3D11
[19:24:09.524] [Main Thread/INFO] [FNA]: D3D11 Adapter: NVIDIA GeForce RTX 4060 Laptop GPU
[19:24:09.533] [Main Thread/INFO] [tML]: Terraria Steam Install Location assumed to be: E:\steam\steamapps\common\Terraria
[19:24:09.827] [Main Thread/INFO] [tML]: Maximum Resolution is 2560 x 1440
[19:24:09.833] [Main Thread/DEBUG] [Terraria]: Device Created, Adapter: Generic PnP Monitor, DisplayMode: {{Width:2560 Height:1440 Format:Color}}, Profile: HiDef, Width: 2560, Height: 1440, Fullscreen: False, Display: \\.\DISPLAY1
[19:24:09.835] [Main Thread/DEBUG] [Terraria]: Device Reset, Adapter: Generic PnP Monitor, DisplayMode: {{Width:2560 Height:1440 Format:Color}}, Profile: HiDef, Width: 2560, Height: 1440, Fullscreen: False -> True, Display: \\.\DISPLAY1
[19:24:09.837] [Main Thread/DEBUG] [Terraria]: Device Reset, Adapter: Generic PnP Monitor, DisplayMode: {{Width:2560 Height:1440 Format:Color}}, Profile: HiDef, Width: 2560, Height: 1440, Fullscreen: True, Display: \\.\DISPLAY1
[19:24:09.844] [Main Thread/INFO] [tML]: Language: zh-Hans
[19:24:10.260] [Main Thread/INFO] [FNA]: SDL Audio Driver: 
[19:24:11.068] [8/DEBUG] [tML]: SSDP search line separator: CRLF
[19:24:11.690] [8/DEBUG] [tML]: Hook System.Runtime.Loader.AssemblyLoadContext::ValidateAssemblyNameWithSimpleName(Assembly, string) added by tModLoader
[19:24:24.082] [Main Thread/INFO] [tML]: Finding Mods...
[19:24:24.155] [Main Thread/INFO] [tML]: 3 most recently changed workshop mods: LogSpiralLibrary v0.2.0.2 2026/10/7, PropertyPanelLibrary v0.1.0.1 2026/10/7, CoolerItemVisualEffect v0.1.20.4 2026/10/7
[19:24:24.157] [Main Thread/INFO] [tML]: Finding Mods...
[19:24:24.640] [Main Thread/INFO] [tML]: Finding Mods...
[19:24:24.652] [Main Thread/INFO] [tML]: Finding Mods...
[19:24:25.729] [.NET TP Worker/INFO] [tML]: Finding Mods...
[19:24:25.738] [.NET TP Worker/DEBUG] [tML]: Skipped 伊蕾娜 2.1.0 for tML 2022.9.47.47 from Workshop. Reason: mod is for a different Terraria version/LTS release stream.
[19:24:25.739] [.NET TP Worker/DEBUG] [tML]: Skipped 伊蕾娜 2.2.4 for tML 2024.7.3.1 from Workshop. Reason: a newer version exists.
[19:24:25.740] [.NET TP Worker/DEBUG] [tML]: Skipped 伊蕾娜 2.1.985 for tML 2024.2.3.0 from Workshop. Reason: a newer version exists.
[19:24:25.740] [.NET TP Worker/DEBUG] [tML]: Skipped 伊蕾娜 2.3.2 for tML 2024.12.3.1 from Workshop. Reason: a local copy with the same version (but different hash) exists.
[19:24:25.740] [.NET TP Worker/DEBUG] [tML]: Selected 伊蕾娜 2.3.2 for tML 2024.12.3.1 from Local.
[19:24:25.740] [.NET TP Worker/DEBUG] [tML]: Skipped AlchemistNPCLite 1.8.20 for tML 2022.9.47.61 from Workshop. Reason: mod is for a different Terraria version/LTS release stream.
[19:24:25.740] [.NET TP Worker/DEBUG] [tML]: Skipped AlchemistNPCLite 1.9.8 for tML 2025.2.3.2 from Workshop. Reason: a newer version exists.
[19:24:25.740] [.NET TP Worker/DEBUG] [tML]: Skipped AlchemistNPCLite 1.9.7 for tML 2024.10.3.0 from Workshop. Reason: a newer version exists.
[19:24:25.740] [.NET TP Worker/DEBUG] [tML]: Skipped AlchemistNPCLite 1.9.5 for tML 2024.3.3.4 from Local. Reason: a newer version exists.
[19:24:25.741] [.NET TP Worker/DEBUG] [tML]: Selected AlchemistNPCLite 1.9.9 for tML 2025.10.3.1 from Workshop.
[19:24:25.741] [.NET TP Worker/DEBUG] [tML]: Skipped Antisocial 1.5 for tML 2022.8.54.6 from Workshop. Reason: mod is for a different Terraria version/LTS release stream.
[19:24:25.741] [.NET TP Worker/DEBUG] [tML]: Skipped Antisocial 1.6.0.3 for tML 2023.8.3.3 from Workshop. Reason: a newer version exists.
[19:24:25.741] [.NET TP Worker/DEBUG] [tML]: Skipped Antisocial 1.6.0.2 for tML 2023.6.25.27 from Workshop. Reason: a newer version exists.
[19:24:25.741] [.NET TP Worker/DEBUG] [tML]: Skipped Antisocial 1.6.0.3 for tML 2023.8.3.3 from Local. Reason: a newer version exists.
[19:24:25.741] [.NET TP Worker/DEBUG] [tML]: Selected Antisocial 1.7 for tML 2025.6.3.0 from Workshop.
[19:24:25.741] [.NET TP Worker/DEBUG] [tML]: Selected AutoTrash 0.8.1 for tML 2025.9.3.0 from Local.
[19:24:25.741] [.NET TP Worker/DEBUG] [tML]: Skipped BossChecklist 1.5.1 for tML 2022.9.47.50 from Workshop. Reason: mod is for a different Terraria version/LTS release stream.
[19:24:25.741] [.NET TP Worker/DEBUG] [tML]: Skipped BossChecklist 2.2.3.1 for tML 2025.4.3.0 from Workshop. Reason: a newer version exists.
[19:24:25.741] [.NET TP Worker/DEBUG] [tML]: Skipped BossChecklist 2.2.3 for tML 2025.3.3.1 from Workshop. Reason: a newer version exists.
[19:24:25.741] [.NET TP Worker/DEBUG] [tML]: Selected BossChecklist 2.2.4 for tML 2026.3.3.0 from Workshop.
[19:24:25.741] [.NET TP Worker/DEBUG] [tML]: Skipped BossCursor 2.0.0 for tML 2022.5.103.14 from Workshop. Reason: mod is for a different Terraria version/LTS release stream.
[19:24:25.741] [.NET TP Worker/DEBUG] [tML]: Skipped BossCursor 3.0.0 for tML 2023.6.23.0 from Workshop. Reason: a newer version exists.
[19:24:25.741] [.NET TP Worker/DEBUG] [tML]: Selected BossCursor 3.0.1 for tML 2025.6.3.0 from Workshop.
[19:24:25.741] [.NET TP Worker/DEBUG] [tML]: Skipped CalamityCN 2.3.18 for tML 2022.9.47.82 from Workshop. Reason: mod is for a different Terraria version/LTS release stream.
[19:24:25.741] [.NET TP Worker/DEBUG] [tML]: Skipped CalamityCN 4.0.3.7 for tML 2026.6.3.6 from Workshop. Reason: a newer version exists.
[19:24:25.741] [.NET TP Worker/DEBUG] [tML]: Skipped CalamityCN 4.0.3.3 for tML 2026.5.3.0 from Workshop. Reason: a newer version exists.
[19:24:25.741] [.NET TP Worker/DEBUG] [tML]: Selected CalamityCN 4.0.3.8 for tML 2026.8.3.0 from Workshop.
[19:24:25.742] [.NET TP Worker/DEBUG] [tML]: Skipped CalamityMod 2.0.2.3 for tML 2022.9.47.46 from Workshop. Reason: mod is for a different Terraria version/LTS release stream.
[19:24:25.742] [.NET TP Worker/DEBUG] [tML]: Skipped CalamityMod 2.2.1 for tML 2026.4.3.0 from Workshop. Reason: a newer version exists.
[19:24:25.742] [.NET TP Worker/DEBUG] [tML]: Skipped CalamityMod 2.1.2 for tML 2025.12.3.1 from Workshop. Reason: a newer version exists.
[19:24:25.742] [.NET TP Worker/DEBUG] [tML]: Skipped CalamityMod 2.2.4 for tML 2026.6.3.4 from Workshop. Reason: a local copy with the same version (but different hash) exists.
[19:24:25.742] [.NET TP Worker/DEBUG] [tML]: Selected CalamityMod 2.2.4 for tML 2026.6.3.4 from Local (2026.6CalamityMod.tmod).
[19:24:25.742] [.NET TP Worker/DEBUG] [tML]: Skipped CalamityModMusic 2.0.2.2 for tML 2022.9.47.30 from Workshop. Reason: mod is for a different Terraria version/LTS release stream.
[19:24:25.742] [.NET TP Worker/DEBUG] [tML]: Skipped CalamityModMusic 2.0.5 for tML 2025.4.3.0 from Workshop. Reason: a newer version exists.
[19:24:25.742] [.NET TP Worker/DEBUG] [tML]: Skipped CalamityModMusic 2.0.4.3 for tML 2024.4.3.0 from Workshop. Reason: a newer version exists.
[19:24:25.742] [.NET TP Worker/DEBUG] [tML]: Skipped CalamityModMusic 2.1 for tML 2025.12.3.0 from Workshop. Reason: a local copy with the same version (but different hash) exists.
[19:24:25.742] [.NET TP Worker/DEBUG] [tML]: Selected CalamityModMusic 2.1 for tML 2025.12.3.0 from Local (2025.12CalamityModMusic.tmod).
[19:24:25.742] [.NET TP Worker/DEBUG] [tML]: Skipped CalamitySimpleWhipAddon 1.15.14 for tML 2026.6.3.6 from Workshop. Reason: a newer version exists.
[19:24:25.742] [.NET TP Worker/DEBUG] [tML]: Skipped CalamitySimpleWhipAddon 1.15.12 for tML 2026.5.3.0 from Workshop. Reason: a newer version exists.
[19:24:25.742] [.NET TP Worker/DEBUG] [tML]: Selected CalamitySimpleWhipAddon 1.20.2 for tML 2026.7.3.0 from Workshop.
[19:24:25.742] [.NET TP Worker/DEBUG] [tML]: Selected Census 0.5.2.6 for tML 2024.8.3.2 from Local.
[19:24:25.742] [.NET TP Worker/DEBUG] [tML]: Selected CheatSheet 0.7.6.1 for tML 2024.8.3.2 from Local.
[19:24:25.742] [.NET TP Worker/DEBUG] [tML]: Selected CollisionLib 3.2 for tML 2024.5.3.1 from Local.
[19:24:25.742] [.NET TP Worker/DEBUG] [tML]: Skipped CoolerItemVisualEffect 0.1.16.4 for tML 2022.9.47.23 from Workshop. Reason: mod is for a different Terraria version/LTS release stream.
[19:24:25.742] [.NET TP Worker/DEBUG] [tML]: Skipped CoolerItemVisualEffect 0.1.20.1 for tML 2025.11.3.1 from Workshop. Reason: a newer version exists.
[19:24:25.742] [.NET TP Worker/DEBUG] [tML]: Skipped CoolerItemVisualEffect 0.1.20.0 for tML 2025.10.3.1 from Workshop. Reason: a newer version exists.
[19:24:25.742] [.NET TP Worker/DEBUG] [tML]: Selected CoolerItemVisualEffect 0.1.20.4 for tML 2026.1.3.2 from Workshop.
[19:24:25.742] [.NET TP Worker/DEBUG] [tML]: Skipped Daybreak 2.3.1 for tML 2025.9.3.4 from Workshop. Reason: a newer version exists.
[19:24:25.742] [.NET TP Worker/DEBUG] [tML]: Skipped Daybreak 2.1.0 for tML 2025.8.3.1 from Workshop. Reason: a newer version exists.
[19:24:25.742] [.NET TP Worker/DEBUG] [tML]: Selected Daybreak 2.4.0 for tML 2026.4.3.0 from Workshop.
[19:24:25.743] [.NET TP Worker/DEBUG] [tML]: Skipped ImproveGame 1.6.3.3 for tML 2022.9.47.47 from Workshop. Reason: mod is for a different Terraria version/LTS release stream.
[19:24:25.743] [.NET TP Worker/DEBUG] [tML]: Skipped ImproveGame 1.8.1.22 for tML 2026.1.3.2 from Workshop. Reason: a newer version exists.
[19:24:25.743] [.NET TP Worker/DEBUG] [tML]: Skipped ImproveGame 1.8.1.14 for tML 2025.9.3.0 from Workshop. Reason: a newer version exists.
[19:24:25.743] [.NET TP Worker/DEBUG] [tML]: Skipped ImproveGame 1.7.1.7 for tML 2024.4.3.0 from Local. Reason: a newer version exists.
[19:24:25.743] [.NET TP Worker/DEBUG] [tML]: Selected ImproveGame 1.8.2 for tML 2026.3.3.0 from Workshop.
[19:24:25.743] [.NET TP Worker/DEBUG] [tML]: Skipped InnoVault 1.9.98 for tML 2026.4.3.0 from Workshop. Reason: a newer version exists.
[19:24:25.743] [.NET TP Worker/DEBUG] [tML]: Skipped InnoVault 1.9.92 for tML 2026.3.3.0 from Workshop. Reason: a newer version exists.
[19:24:25.743] [.NET TP Worker/DEBUG] [tML]: Skipped InnoVault 1.9.101 for tML 2026.5.3.0 from Workshop. Reason: a local copy with the same version (but different hash) exists.
[19:24:25.743] [.NET TP Worker/DEBUG] [tML]: Selected InnoVault 1.9.101 for tML 2026.5.3.0 from Local.
[19:24:25.743] [.NET TP Worker/DEBUG] [tML]: Skipped ItemBorder 1.75 for tML 2022.9.47.14 from Workshop. Reason: mod is for a different Terraria version/LTS release stream.
[19:24:25.743] [.NET TP Worker/DEBUG] [tML]: Skipped ItemBorder 2.9 for tML 2026.3.3.0 from Workshop. Reason: a newer version exists.
[19:24:25.743] [.NET TP Worker/DEBUG] [tML]: Skipped ItemBorder 2.7 for tML 2025.6.3.0 from Workshop. Reason: a newer version exists.
[19:24:25.743] [.NET TP Worker/DEBUG] [tML]: Selected ItemBorder 2.10 for tML 2026.4.3.0 from Workshop.
[19:24:25.743] [.NET TP Worker/DEBUG] [tML]: Skipped LogSpiralLibrary 0.2.0.1 for tML 2025.11.3.1 from Workshop. Reason: a newer version exists.
[19:24:25.743] [.NET TP Worker/DEBUG] [tML]: Skipped LogSpiralLibrary 0.2.0.0 for tML 2025.10.3.1 from Workshop. Reason: a newer version exists.
[19:24:25.743] [.NET TP Worker/DEBUG] [tML]: Selected LogSpiralLibrary 0.2.0.2 for tML 2026.1.3.2 from Workshop.
[19:24:25.743] [.NET TP Worker/DEBUG] [tML]: Skipped Luminance 1.0.13 for tML 2025.8.3.1 from Workshop. Reason: a newer version exists.
[19:24:25.743] [.NET TP Worker/DEBUG] [tML]: Skipped Luminance 1.0.12 for tML 2025.2.3.3 from Workshop. Reason: a newer version exists.
[19:24:25.743] [.NET TP Worker/DEBUG] [tML]: Selected Luminance 1.0.14 for tML 2026.4.3.0 from Workshop.
[19:24:25.743] [.NET TP Worker/DEBUG] [tML]: Skipped MagicBuilder 1.2 for tML 2023.6.25.31 from Workshop. Reason: a newer version exists.
[19:24:25.743] [.NET TP Worker/DEBUG] [tML]: Selected MagicBuilder 1.4.4.12 for tML 2024.10.3.0 from Workshop.
[19:24:25.743] [.NET TP Worker/DEBUG] [tML]: Skipped MaxStackExtra 1.4.0.2 for tML 0.12 from Workshop. Reason: mod is for a different Terraria version/LTS release stream.
[19:24:25.743] [.NET TP Worker/DEBUG] [tML]: Skipped MaxStackExtra 1.4.0.3 for tML 2023.6.25.31 from Workshop. Reason: a local copy with the same version (but different hash) exists.
[19:24:25.743] [.NET TP Worker/DEBUG] [tML]: Selected MaxStackExtra 1.4.0.3 for tML 2023.6.25.31 from Local.
[19:24:25.743] [.NET TP Worker/DEBUG] [tML]: Skipped MEAC 0.1.7 for tML 2022.8.54.4 from Workshop. Reason: mod is for a different Terraria version/LTS release stream.
[19:24:25.744] [.NET TP Worker/DEBUG] [tML]: Skipped MEAC 0.2.3 for tML 2023.11.3.3 from Workshop. Reason: a newer version exists.
[19:24:25.744] [.NET TP Worker/DEBUG] [tML]: Selected MEAC 0.3 for tML 2025.3.3.1 from Workshop.
[19:24:25.744] [.NET TP Worker/DEBUG] [tML]: Skipped NoxusBoss 1.0.8 for tML 2022.9.47.64 from Workshop. Reason: mod is for a different Terraria version/LTS release stream.
[19:24:25.744] [.NET TP Worker/DEBUG] [tML]: Skipped NoxusBoss 1.2.29 for tML 2025.9.3.4 from Workshop. Reason: a newer version exists.
[19:24:25.744] [.NET TP Worker/DEBUG] [tML]: Skipped NoxusBoss 1.2.30 for tML 2025.12.3.0 from Workshop. Reason: a newer version exists.
[19:24:25.744] [.NET TP Worker/DEBUG] [tML]: Selected NoxusBoss 1.2.31 for tML 2026.4.3.0 from Workshop.
[19:24:25.744] [.NET TP Worker/DEBUG] [tML]: Skipped PointShop 1.3.1 for tML 2022.9.47.23 from Workshop. Reason: mod is for a different Terraria version/LTS release stream.
[19:24:25.744] [.NET TP Worker/DEBUG] [tML]: Skipped PointShop 2.1.26.3081 for tML 2026.1.3.2 from Workshop. Reason: a newer version exists.
[19:24:25.744] [.NET TP Worker/DEBUG] [tML]: Skipped PointShop 2.1.25.12061 for tML 2025.10.3.1 from Workshop. Reason: a newer version exists.
[19:24:25.744] [.NET TP Worker/DEBUG] [tML]: Skipped PointShop 1.4 for tML 2023.6.25.36 from Local. Reason: a newer version exists.
[19:24:25.744] [.NET TP Worker/DEBUG] [tML]: Selected PointShop 2.1.27 for tML 2026.3.3.0 from Workshop.
[19:24:25.744] [.NET TP Worker/DEBUG] [tML]: Skipped PropertyPanelLibrary 0.1.0.0 for tML 2025.10.3.1 from Workshop. Reason: a newer version exists.
[19:24:25.744] [.NET TP Worker/DEBUG] [tML]: Selected PropertyPanelLibrary 0.1.0.1 for tML 2026.1.3.2 from Workshop.
[19:24:25.744] [.NET TP Worker/DEBUG] [tML]: Skipped RecipeBrowser 0.9.9 for tML 2022.9.47.50 from Workshop. Reason: mod is for a different Terraria version/LTS release stream.
[19:24:25.744] [.NET TP Worker/DEBUG] [tML]: Skipped RecipeBrowser 0.12 for tML 2025.9.3.3 from Workshop. Reason: a newer version exists.
[19:24:25.744] [.NET TP Worker/DEBUG] [tML]: Skipped RecipeBrowser 0.10.13 for tML 2025.6.3.0 from Workshop. Reason: a newer version exists.
[19:24:25.744] [.NET TP Worker/DEBUG] [tML]: Skipped RecipeBrowser 0.12 for tML 2025.9.3.3 from Local. Reason: a newer version exists.
[19:24:25.744] [.NET TP Worker/DEBUG] [tML]: Selected RecipeBrowser 0.12.0.1 for tML 2026.7.3.0 from Workshop.
[19:24:25.744] [.NET TP Worker/DEBUG] [tML]: Selected ShorterRespawn 1.1.1.2 for tML 2023.6.25.27 from Local.
[19:24:25.744] [.NET TP Worker/DEBUG] [tML]: Skipped SilkyUIFramework 0.2.27.3091 for tML 2026.1.3.2 from Workshop. Reason: a newer version exists.
[19:24:25.744] [.NET TP Worker/DEBUG] [tML]: Skipped SilkyUIFramework 0.2.26.1181 for tML 2025.11.3.1 from Workshop. Reason: a newer version exists.
[19:24:25.744] [.NET TP Worker/DEBUG] [tML]: Selected SilkyUIFramework 0.3.0 for tML 2026.3.3.0 from Workshop.
[19:24:25.745] [.NET TP Worker/DEBUG] [tML]: Selected StructureHelper 3.1.1 for tML 2026.3.3.0 from Local.
[19:24:25.745] [.NET TP Worker/DEBUG] [tML]: Skipped SubworldLibrary 2.2.1.3 for tML 2022.9.47.82 from Workshop. Reason: mod is for a different Terraria version/LTS release stream.
[19:24:25.745] [.NET TP Worker/DEBUG] [tML]: Skipped SubworldLibrary 2.2.3.3 for tML 2025.9.3.4 from Workshop. Reason: a newer version exists.
[19:24:25.745] [.NET TP Worker/DEBUG] [tML]: Skipped SubworldLibrary 2.2.3.2 for tML 2025.6.3.0 from Workshop. Reason: a newer version exists.
[19:24:25.745] [.NET TP Worker/DEBUG] [tML]: Skipped SubworldLibrary 2.3.0.1 for tML 2026.6.3.6 from Workshop. Reason: a local copy with the same version (but different hash) exists.
[19:24:25.745] [.NET TP Worker/DEBUG] [tML]: Selected SubworldLibrary 2.3.0.1 for tML 2026.6.3.6 from Local.
[19:24:25.745] [.NET TP Worker/DEBUG] [tML]: Skipped SummonersAssociation 0.4.8.11 for tML 2022.8.54.6 from Workshop. Reason: mod is for a different Terraria version/LTS release stream.
[19:24:25.745] [.NET TP Worker/DEBUG] [tML]: Skipped SummonersAssociation 0.5.3 for tML 2024.11.3.1 from Workshop. Reason: a newer version exists.
[19:24:25.745] [.NET TP Worker/DEBUG] [tML]: Skipped SummonersAssociation 0.5.2.2 for tML 2024.10.3.0 from Workshop. Reason: a newer version exists.
[19:24:25.745] [.NET TP Worker/DEBUG] [tML]: Selected SummonersAssociation 0.5.4 for tML 2025.8.3.1 from Workshop.
[19:24:25.745] [.NET TP Worker/DEBUG] [tML]: Selected TownNPCHome 1.4 for tML 2024.1.3.0 from Local.
[19:24:25.745] [.NET TP Worker/DEBUG] [tML]: Selected WanderingWitchKR 0.4 for tML 2025.5.3.0 from Local.
[19:24:25.746] [.NET TP Worker/DEBUG] [tML]: Selected WastelandSoul 0.1 for tML 2026.8.3.0 from Local.
[19:24:25.746] [.NET TP Worker/DEBUG] [tML]: Selected WastelandSoulCN 0.1 for tML 2026.8.3.0 from Local.
[19:24:25.746] [.NET TP Worker/DEBUG] [tML]: Skipped WeaponDisplay 1.13 for tML 2022.9.47.8 from Workshop. Reason: mod is for a different Terraria version/LTS release stream.
[19:24:25.746] [.NET TP Worker/DEBUG] [tML]: Skipped WeaponDisplay 1.20.1 for tML 2023.6.25.31 from Workshop. Reason: a local copy with the same version (but different hash) exists.
[19:24:25.746] [.NET TP Worker/DEBUG] [tML]: Selected WeaponDisplay 1.20.1 for tML 2023.6.25.31 from Local.
[19:24:25.746] [.NET TP Worker/DEBUG] [tML]: Selected WheresMyItems 0.8 for tML 2025.5.3.0 from Local.
[19:24:25.746] [.NET TP Worker/DEBUG] [tML]: Skipped WingSlotExtra 1.3.4 for tML 2022.8.54.4 from Workshop. Reason: mod is for a different Terraria version/LTS release stream.
[19:24:25.746] [.NET TP Worker/DEBUG] [tML]: Skipped WingSlotExtra 1.3.6 for tML 2023.5.38.0 from Workshop. Reason: a newer version exists.
[19:24:25.746] [.NET TP Worker/DEBUG] [tML]: Skipped WingSlotExtra 1.4.4 for tML 2023.12.3.1 from Workshop. Reason: a newer version exists.
[19:24:25.746] [.NET TP Worker/DEBUG] [tML]: Skipped WingSlotExtra 1.4.4 for tML 2023.12.3.1 from Local. Reason: a newer version exists.
[19:24:25.746] [.NET TP Worker/DEBUG] [tML]: Selected WingSlotExtra 1.4.5 for tML 2025.3.3.1 from Workshop.
[19:24:25.748] [.NET TP Worker/INFO] [tML]: 查找模组……
[19:24:25.931] [.NET TP Worker/INFO] [tML]: 加载程序集: BossChecklist (Boss Checklist) v2.2.4
[19:24:25.973] [.NET TP Worker/INFO] [tML]: 加载程序集: Census (Census - Town NPC Checklist) v0.5.2.6
[19:24:25.981] [.NET TP Worker/INFO] [tML]: 加载程序集: CheatSheet (Cheat Sheet) v0.7.6.1
[19:24:25.992] [.NET TP Worker/INFO] [tML]: 加载程序集: SilkyUIFramework (SilkyUI) v0.3.0
[19:24:26.078] [.NET TP Worker/INFO] [tML]: 加载程序集: PropertyPanelLibrary (属性面板PropertyPanel) v0.1.0.1
[19:24:26.155] [.NET TP Worker/INFO] [tML]: 加载程序集: LogSpiralLibrary (错数前置库~LogSpiral's Library) v0.2.0.2
[19:24:26.245] [.NET TP Worker/INFO] [tML]: 加载程序集: CoolerItemVisualEffect (C.I.V.E.) v0.1.20.4
[19:24:26.318] [.NET TP Worker/INFO] [tML]: 加载程序集: ImproveGame (Quality of Terraria 更好的体验) v1.8.2
[19:24:26.446] [.NET TP Worker/INFO] [tML]: 加载程序集: InnoVault (InnoVault) v1.9.101
[19:24:26.478] [.NET TP Worker/INFO] [tML]: 加载程序集: MagicBuilder (Magic Builder) v1.4.4.12
[19:24:26.485] [.NET TP Worker/INFO] [tML]: 加载程序集: MEAC (MEAC) v0.3
[19:24:26.511] [.NET TP Worker/INFO] [tML]: 加载程序集: SubworldLibrary (Subworld Library) v2.3.0.1
[19:24:26.517] [.NET TP Worker/INFO] [tML]: 加载程序集: WastelandSoulCN (废土魂穿 汉化补丁) v0.1
[19:24:26.522] [.NET TP Worker/INFO] [tML]: 加载程序集: WastelandSoul (废土魂穿) v0.1
[19:24:26.546] [.NET TP Worker/INFO] [tML]: 加载程序集: WeaponDisplay (ArmamentDisplay) v1.20.1
[19:24:26.552] [.NET TP Worker/INFO] [tML]: 初始化……
[19:24:26.565] [.NET TP Worker/INFO] [tML]: 自动加载中：ModLoader (tModLoader) v2026.8.3.0
[19:24:26.623] [.NET TP Worker/INFO] [tML]: 自动加载中：BossChecklist (Boss Checklist) v2.2.4
[19:24:26.670] [.NET TP Worker/WARN] [BossChecklist]: Failed to load icon_small.png. Reason: icon_small.png does not exist.
[19:24:26.870] [.NET TP Worker/DEBUG] [tML]: Hook Terraria.Main::UpdateTime_StartDay(ref bool) added by BossChecklist
[19:24:26.882] [.NET TP Worker/DEBUG] [tML]: Hook Terraria.Main::UpdateTime_StartNight(ref bool) added by BossChecklist
[19:24:26.906] [.NET TP Worker/DEBUG] [tML]: Hook Terraria.Player::ApplyMusicBox(Item) added by BossChecklist
[19:24:26.907] [.NET TP Worker/WARN] [tML]: BossChecklist spent 153ms blocking on asset loading. Avoid using AssetRequestMode.ImmediateLoad during mod loading where possible
[19:24:26.907] [.NET TP Worker/INFO] [tML]: 自动加载中：Census (Census - Town NPC Checklist) v0.5.2.6
[19:24:26.915] [.NET TP Worker/WARN] [Census]: Failed to load icon_small.png. Reason: icon_small.png does not exist.
[19:24:26.964] [.NET TP Worker/DEBUG] [tML]: ILHook Terraria.Main::UpdateTime_SpawnTownNPCs() added by Census
[19:24:26.965] [.NET TP Worker/INFO] [tML]: 自动加载中：CheatSheet (Cheat Sheet) v0.7.6.1
[19:24:26.998] [.NET TP Worker/WARN] [CheatSheet]: Failed to load icon_small.png. Reason: icon_small.png does not exist.
[19:24:27.002] [.NET TP Worker/INFO] [tML]: 自动加载中：SilkyUIFramework (SilkyUI) v0.3.0
[19:24:27.015] [.NET TP Worker/WARN] [SilkyUIFramework]: Failed to load icon_small.png. Reason: icon_small.png does not exist.
[19:24:27.024] [.NET TP Worker/DEBUG] [tML]: Hook Terraria.Main::DrawPlayerChatBubbles() added by SilkyUIFramework
[19:24:27.042] [.NET TP Worker/DEBUG] [tML]: Hook Terraria.Main::DrawInterface(GameTime) added by SilkyUIFramework
[19:24:27.045] [.NET TP Worker/DEBUG] [tML]: Hook Terraria.Main::UpdateUIStates(GameTime) added by SilkyUIFramework
[19:24:27.052] [.NET TP Worker/DEBUG] [tML]: Hook Terraria.Main::DrawThickCursor(bool) added by SilkyUIFramework
[19:24:27.162] [.NET TP Worker/DEBUG] [tML]: ILHook Terraria.Main::DoDraw(GameTime) added by SilkyUIFramework
[19:24:27.185] [.NET TP Worker/INFO] [tML]: 自动加载中：PropertyPanelLibrary (属性面板PropertyPanel) v0.1.0.1
[19:24:27.224] [.NET TP Worker/WARN] [tML]: PropertyPanelLibrary spent 29ms blocking on asset loading. Avoid using AssetRequestMode.ImmediateLoad during mod loading where possible
[19:24:27.224] [.NET TP Worker/INFO] [tML]: 自动加载中：LogSpiralLibrary (错数前置库~LogSpiral's Library) v0.2.0.2
[19:24:27.260] [.NET TP Worker/DEBUG] [tML]: Hook Terraria.ModLoader.Config.UI.ConfigElement::DrawSelf(SpriteBatch) added by LogSpiralLibrary
[19:24:27.265] [.NET TP Worker/DEBUG] [tML]: Hook Terraria.UI.UIElement::GetClippingRectangle(SpriteBatch) added by LogSpiralLibrary
[19:24:27.286] [.NET TP Worker/WARN] [tML]: LogSpiralLibrary.CodeLibrary.DataStructures.SequenceStructures.Contents.MIDI.Core.MIDIPlayer has reference fields (<CurrentScore>k__BackingField, <SequenceModel>k__BackingField) that may not be safe to share between clones.
For deep-cloning, add a custom Clone override and make proper copies of these fields. If shallow (memberwise) cloning is acceptable, mark the fields with [CloneByReference] or properties with [field: CloneByReference]
[19:24:27.294] [.NET TP Worker/INFO] [tML]: Finding Mods...
[19:24:27.323] [Main Thread/DEBUG] [tML]: ILHook Terraria.Main::DoDraw(GameTime) added by LogSpiralLibrary
[19:24:27.328] [.NET TP Worker/DEBUG] [tML]: Hook Terraria.Graphics.Effects.FilterManager::EndCapture(RenderTarget2D, RenderTarget2D, RenderTarget2D, Color) added by LogSpiralLibrary
[19:24:27.332] [.NET TP Worker/DEBUG] [tML]: Hook Terraria.Main::DrawProjectiles() added by LogSpiralLibrary
[19:24:28.619] [.NET TP Worker/DEBUG] [tML]: Hook SilkyUIFramework.Animation.AnimationTimer::ImmediateCompleted() added by LogSpiralLibrary
[19:24:28.621] [.NET TP Worker/DEBUG] [tML]: Hook SilkyUIFramework.Animation.AnimationTimer::ImmediateReverseCompleted() added by LogSpiralLibrary
[19:24:28.623] [.NET TP Worker/WARN] [tML]: LogSpiralLibrary spent 1291ms blocking on asset loading. Avoid using AssetRequestMode.ImmediateLoad during mod loading where possible
[19:24:28.623] [.NET TP Worker/INFO] [tML]: 自动加载中：CoolerItemVisualEffect (C.I.V.E.) v0.1.20.4
[19:24:28.682] [.NET TP Worker/WARN] [CoolerItemVisualEffect]: Failed to load icon_small.png. Reason: icon_small.png is not 30x30.
[19:24:28.719] [.NET TP Worker/DEBUG] [tML]: Hook Terraria.Player::ItemCheck_EmitUseVisuals(Item, Rectangle) added by CoolerItemVisualEffect
[19:24:28.741] [.NET TP Worker/DEBUG] [tML]: ILHook Terraria.Player::ItemCheck_OwnerOnlyCode(ref ItemCheckContext, Item, int, Rectangle) added by CoolerItemVisualEffect
[19:24:28.752] [.NET TP Worker/DEBUG] [tML]: Assembly Resolve:  -> LogSpiralLibrary.XmlSerializers, Version=1.0.0.0, Culture=neutral, PublicKeyToken=null, processorArchitecture=MSIL
[19:24:28.765] [.NET TP Worker/DEBUG] [tML]: Assembly Resolve: System.Reflection.Metadata, Version=8.0.0.0, Culture=neutral, PublicKeyToken=b03f5f7f11d50a3a -> System.Reflection.Metadata.resources, Version=8.0.0.0, Culture=zh-Hans, PublicKeyToken=b03f5f7f11d50a3a
[19:24:28.766] [.NET TP Worker/DEBUG] [tML]: Assembly Resolve: System.Reflection.Metadata, Version=8.0.0.0, Culture=neutral, PublicKeyToken=b03f5f7f11d50a3a -> System.Reflection.Metadata.resources, Version=8.0.0.0, Culture=zh, PublicKeyToken=b03f5f7f11d50a3a
[19:24:28.769] [.NET TP Worker/WARN] [tML]: 静默捕获异常: 
System.IO.FileNotFoundException: Could not load file or assembly 'LogSpiralLibrary.XmlSerializers, Version=1.0.0.0, Culture=neutral, PublicKeyToken=null, processorArchitecture=MSIL'. 系统找不到指定的文件。
   at System.Reflection.RuntimeAssembly.<InternalLoad>g____PInvoke|49_0(NativeAssemblyNameParts* __pAssemblyNameParts_native, ObjectHandleOnStack __requestingAssembly_native, StackCrawlMarkHandle __stackMark_native, Int32 __throwOnFileNotFound_native, ObjectHandleOnStack __assemblyLoadContext_native, ObjectHandleOnStack __retAssembly_native)
   at System.Reflection.RuntimeAssembly.<InternalLoad>g____PInvoke|49_0(NativeAssemblyNameParts* __pAssemblyNameParts_native, ObjectHandleOnStack __requestingAssembly_native, StackCrawlMarkHandle __stackMark_native, Int32 __throwOnFileNotFound_native, ObjectHandleOnStack __assemblyLoadContext_native, ObjectHandleOnStack __retAssembly_native)
   at System.Reflection.RuntimeAssembly.InternalLoad(AssemblyName assemblyName, StackCrawlMark& stackMark, AssemblyLoadContext assemblyLoadContext, RuntimeAssembly requestingAssembly, Boolean throwOnFileNotFound)
   at System.Reflection.Assembly.Load(AssemblyName assemblyRef)
   at System.Xml.Serialization.TempAssembly.LoadGeneratedAssembly(Type type, String defaultNamespace, XmlSerializerImplementation& contract)
   at System.Xml.Serialization.XmlSerializer..ctor(Type type, String defaultNamespace)
   at LogSpiralLibrary.CodeLibrary.DataStructures.SequenceStructures.System.SequenceGlobalManager.get_Serializer() in LogSpiralLibrary\CodeLibrary\DataStructures\SequenceStructures\System\SequenceLoadManager.cs:line 54
   at LogSpiralLibrary.CodeLibrary.DataStructures.SequenceStructures.System.SequenceManager`1.RegisterSingleSequence(String fullName, Stream stream) in LogSpiralLibrary\CodeLibrary\DataStructures\SequenceStructures\System\SequenceLoadManager.cs:line 152
   at CoolerItemVisualEffect.Common.MeleeModify.MeleeSequenceManager.ReloadPresets() in CoolerItemVisualEffect\Common\MeleeModify\MeleeSequenceManager.cs:line 58
   at CoolerItemVisualEffect.CoolerItemVisualEffectMod.Load() in CoolerItemVisualEffectMod.cs:line 45
   at Terraria.ModLoader.ModContent.<>c.<Load>b__45_0(Mod mod) in tModLoader\Terraria\ModLoader\ModContent.cs:line 311
   at Terraria.ModLoader.ModContent.LoadModContent(CancellationToken token, Action`1 loadAction) in tModLoader\Terraria\ModLoader\ModContent.cs:line 447
   at Terraria.ModLoader.ModContent.Load(CancellationToken token) in tModLoader\Terraria\ModLoader\ModContent.cs:line 305
   at Terraria.ModLoader.ModLoader.Load(CancellationToken token) in tModLoader\Terraria\ModLoader\ModLoader.cs:line 139
   at Terraria.ModLoader.ModLoader.<>c__DisplayClass51_0.<BeginLoad>b__0() in tModLoader\Terraria\ModLoader\ModLoader.cs:line 117
   at System.Threading.ExecutionContext.RunFromThreadPoolDispatchLoop(Thread threadPoolThread, ExecutionContext executionContext, ContextCallback callback, Object state)
   at System.Threading.Tasks.Task.ExecuteWithThreadLocal(Task& currentTaskSlot, Thread threadPoolThread)
   at System.Threading.ThreadPoolWorkQueue.Dispatch()
   at System.Threading.PortableThreadPool.WorkerThread.WorkerThreadStart()

[19:24:28.771] [.NET TP Worker/WARN] [tML]: 静默捕获异常: 
System.IO.FileNotFoundException: Could not load file or assembly 'E:\steam\steamapps\common\tModLoader\LogSpiralLibrary.XmlSerializers.dll'. The system cannot find the file specified.
   at System.Reflection.Assembly.LoadFile(String path)
   at System.Xml.Serialization.TempAssembly.LoadAssemblyByPath(Type type, String assemblyName)
   at System.Xml.Serialization.TempAssembly.LoadGeneratedAssembly(Type type, String defaultNamespace, XmlSerializerImplementation& contract)
   at System.Xml.Serialization.XmlSerializer..ctor(Type type, String defaultNamespace)
   at LogSpiralLibrary.CodeLibrary.DataStructures.SequenceStructures.System.SequenceGlobalManager.get_Serializer() in LogSpiralLibrary\CodeLibrary\DataStructures\SequenceStructures\System\SequenceLoadManager.cs:line 54
   at LogSpiralLibrary.CodeLibrary.DataStructures.SequenceStructures.System.SequenceManager`1.RegisterSingleSequence(String fullName, Stream stream) in LogSpiralLibrary\CodeLibrary\DataStructures\SequenceStructures\System\SequenceLoadManager.cs:line 152
   at CoolerItemVisualEffect.Common.MeleeModify.MeleeSequenceManager.ReloadPresets() in CoolerItemVisualEffect\Common\MeleeModify\MeleeSequenceManager.cs:line 58
   at CoolerItemVisualEffect.CoolerItemVisualEffectMod.Load() in CoolerItemVisualEffectMod.cs:line 45
   at Terraria.ModLoader.ModContent.<>c.<Load>b__45_0(Mod mod) in tModLoader\Terraria\ModLoader\ModContent.cs:line 311
   at Terraria.ModLoader.ModContent.LoadModContent(CancellationToken token, Action`1 loadAction) in tModLoader\Terraria\ModLoader\ModContent.cs:line 447
   at Terraria.ModLoader.ModContent.Load(CancellationToken token) in tModLoader\Terraria\ModLoader\ModContent.cs:line 305
   at Terraria.ModLoader.ModLoader.Load(CancellationToken token) in tModLoader\Terraria\ModLoader\ModLoader.cs:line 139
   at Terraria.ModLoader.ModLoader.<>c__DisplayClass51_0.<BeginLoad>b__0() in tModLoader\Terraria\ModLoader\ModLoader.cs:line 117
   at System.Threading.ExecutionContext.RunFromThreadPoolDispatchLoop(Thread threadPoolThread, ExecutionContext executionContext, ContextCallback callback, Object state)
   at System.Threading.Tasks.Task.ExecuteWithThreadLocal(Task& currentTaskSlot, Thread threadPoolThread)
   at System.Threading.ThreadPoolWorkQueue.Dispatch()
   at System.Threading.PortableThreadPool.WorkerThread.WorkerThreadStart()

[19:24:28.803] [.NET TP Worker/WARN] [tML]: CoolerItemVisualEffect spent 19ms blocking on asset loading. Avoid using AssetRequestMode.ImmediateLoad during mod loading where possible
[19:24:28.804] [.NET TP Worker/INFO] [tML]: 自动加载中：ImproveGame (Quality of Terraria 更好的体验) v1.8.2
[19:24:28.921] [.NET TP Worker/DEBUG] [tML]: Hook Terraria.ModLoader.Config.UI.UIModConfig::WrapIt(UIElement, ref int, PropertyFieldWrapper, object, int, object, Type, int) added by ImproveGame
[19:24:28.926] [.NET TP Worker/DEBUG] [tML]: ILHook Terraria.ModLoader.Config.UI.ConfigElement::DrawSelf(SpriteBatch) added by ImproveGame
[19:24:28.946] [.NET TP Worker/DEBUG] [tML]: Hook Terraria.ModLoader.Config.UI.UIModConfig::OnActivate() added by ImproveGame
[19:24:28.950] [.NET TP Worker/DEBUG] [tML]: Hook Terraria.ModLoader.Config.UI.UIModConfig::SaveConfig(UIMouseEvent, UIElement) added by ImproveGame
[19:24:28.962] [.NET TP Worker/DEBUG] [tML]: Hook Terraria.Player::HandleBeingInChestRange() added by ImproveGame
[19:24:28.969] [.NET TP Worker/DEBUG] [tML]: Hook Terraria.Player::GetItem(int, Item, GetItemSettings) added by ImproveGame
[19:24:28.975] [.NET TP Worker/DEBUG] [tML]: Hook Terraria.Player::ItemCheck_UseMiningTools_TryHittingWall(Item, int, int) added by ImproveGame
[19:24:28.975] [.NET TP Worker/WARN] [tML]: ImproveGame.Common.GlobalItems.ImprovePrefixItem has reference fields (Prefixs) that may not be safe to share between clones.
For deep-cloning, add a custom Clone override and make proper copies of these fields. If shallow (memberwise) cloning is acceptable, mark the fields with [CloneByReference] or properties with [field: CloneByReference]
[19:24:28.979] [.NET TP Worker/DEBUG] [tML]: Hook Terraria.GameContent.TeleportPylonsSystem::IsPlayerNearAPylon(Player) added by ImproveGame
[19:24:28.988] [.NET TP Worker/DEBUG] [tML]: Hook Terraria.GameContent.TeleportPylonsSystem::HandleTeleportRequest(TeleportPylonInfo, int) added by ImproveGame
[19:24:28.991] [.NET TP Worker/DEBUG] [tML]: Hook Terraria.Player::InInteractionRange(int, int, TileReachCheckSettings) added by ImproveGame
[19:24:29.008] [.NET TP Worker/DEBUG] [tML]: Hook Terraria.UI.ItemSlot::OverrideLeftClick(Item[], int, int) added by ImproveGame
[19:24:29.012] [.NET TP Worker/DEBUG] [tML]: Hook Terraria.Player::ApplyItemAnimation(Item) added by ImproveGame
[19:24:29.019] [.NET TP Worker/DEBUG] [tML]: ILHook Terraria.Chest::PutItemInNearbyChest(Item, Vector2) added by ImproveGame
[19:24:29.023] [.NET TP Worker/DEBUG] [tML]: Hook Terraria.Main::DrawInterface_36_Cursor() added by ImproveGame
[19:24:29.029] [.NET TP Worker/DEBUG] [tML]: Hook Terraria.GameContent.UI.Elements.UIKeybindingListItem::DrawSelf(SpriteBatch) added by ImproveGame
[19:24:29.031] [.NET TP Worker/DEBUG] [tML]: Hook Terraria.GameContent.UI.Elements.UIKeybindingListItem::GenInput(List`1) added by ImproveGame
[19:24:29.037] [.NET TP Worker/DEBUG] [tML]: Hook Terraria.GameContent.UI.States.UIManageControls::CreateBindingGroup(int, List`1, InputMode) added by ImproveGame
[19:24:29.040] [.NET TP Worker/DEBUG] [tML]: Hook Terraria.Netplay::StartServer() added by ImproveGame
[19:24:29.048] [.NET TP Worker/DEBUG] [tML]: Hook Terraria.TimeLogger::NewDrawFrame() added by ImproveGame
[19:24:29.057] [.NET TP Worker/DEBUG] [tML]: Hook Terraria.Player::PickAmmo(Item, ref int, ref float, ref bool, ref int, ref float, out int, bool) added by ImproveGame
[19:24:29.060] [.NET TP Worker/DEBUG] [tML]: Hook Terraria.Player::ChooseAmmo(Item) added by ImproveGame
[19:24:29.088] [.NET TP Worker/DEBUG] [tML]: Hook Terraria.Main::SetDisplayMode(int, int, bool) added by ImproveGame
[19:24:29.093] [.NET TP Worker/DEBUG] [tML]: Hook Terraria.Main::CheckMonoliths() added by ImproveGame
[19:24:29.122] [.NET TP Worker/DEBUG] [tML]: ILHook Terraria.WorldGen::GrowTree(int, int) added by ImproveGame
[19:24:29.130] [.NET TP Worker/DEBUG] [tML]: ILHook Terraria.WorldGen::GrowPalmTree(int, int) added by ImproveGame
[19:24:29.132] [.NET TP Worker/DEBUG] [tML]: Hook Terraria.WorldGen::SetGemTreeDrops(int, int, Tile, ref int, ref int) added by ImproveGame
[19:24:29.136] [.NET TP Worker/DEBUG] [tML]: Hook Terraria.Player::DropTombstone(long, NetworkText, int) added by ImproveGame
[19:24:29.183] [.NET TP Worker/DEBUG] [tML]: ILHook Terraria.UI.ItemSlot::Draw(SpriteBatch, Item[], int, int, Vector2, Color) added by ImproveGame
[19:24:29.187] [.NET TP Worker/DEBUG] [tML]: Hook Terraria.Main::DamageVar(float, int, float) added by ImproveGame
[19:24:29.209] [.NET TP Worker/DEBUG] [tML]: Hook Terraria.WorldGen::ShakeTree(int, int) added by ImproveGame
[19:24:29.216] [.NET TP Worker/DEBUG] [tML]: ILHook Terraria.WorldGen::GrowAlch(int, int) added by ImproveGame
[19:24:29.218] [.NET TP Worker/DEBUG] [tML]: Hook Terraria.GameContent.Drawing.TileDrawing::IsAlchemyPlantHarvestable(int) added by ImproveGame
[19:24:29.220] [.NET TP Worker/INFO] [tML]: JITModsAsync completed in 2660ms
[19:24:29.241] [.NET TP Worker/DEBUG] [tML]: ILHook Terraria.Player::PlaceThing_Tiles_BlockPlacementForAssortedThings(bool) added by ImproveGame
[19:24:29.243] [.NET TP Worker/DEBUG] [tML]: Hook Terraria.WorldGen::IsHarvestableHerbWithSeed(int, int) added by ImproveGame
[19:24:29.246] [.NET TP Worker/DEBUG] [tML]: Hook Terraria.WorldGen::GrowPumpkin(int, int, int) added by ImproveGame
[19:24:29.268] [.NET TP Worker/DEBUG] [tML]: ILHook Terraria.WorldGen::UpdateWorld_GrassGrowth(int, int, int, int, int, int, bool) added by ImproveGame
[19:24:29.271] [.NET TP Worker/DEBUG] [tML]: Hook Terraria.WorldGen::UnspawnTravelNPC() added by ImproveGame
[19:24:29.274] [.NET TP Worker/DEBUG] [tML]: Hook Terraria.NPC::CountKillForBannersAndDropThem() added by ImproveGame
[19:24:29.582] [.NET TP Worker/DEBUG] [tML]: ILHook Terraria.NPC::VanillaHitEffect(int, double, bool) added by ImproveGame
[19:24:29.584] [.NET TP Worker/DEBUG] [tML]: Hook Terraria.NPC::VanillaHitEffect(int, double, bool) added by ImproveGame
[19:24:29.607] [.NET TP Worker/DEBUG] [tML]: ILHook Terraria.Player::UpdateDead() added by ImproveGame
[19:24:29.614] [.NET TP Worker/DEBUG] [tML]: ILHook Terraria.WorldGen::UpdateWorld_Inner() added by ImproveGame
[19:24:29.619] [.NET TP Worker/DEBUG] [tML]: ILHook Terraria.WorldGen::ScoreRoom(int, int) added by ImproveGame
[19:24:29.621] [.NET TP Worker/DEBUG] [tML]: Hook Terraria.GameContent.HairstyleUnlocksHelper::ListWarrantsRemake() added by ImproveGame
[19:24:29.624] [.NET TP Worker/DEBUG] [tML]: Hook Terraria.GameContent.HairstyleUnlocksHelper::RebuildList() added by ImproveGame
[19:24:29.645] [.NET TP Worker/DEBUG] [tML]: ILHook Terraria.Main::MouseText_DrawItemTooltip_GetLinesInfo(Item, ref int, ref int, float, ref int, String[], Boolean[], Boolean[], String[], out int) added by ImproveGame
[19:24:29.646] [.NET TP Worker/DEBUG] [tML]: Hook Terraria.Player::ChooseAmmo(Item) added by ImproveGame
[19:24:29.655] [.NET TP Worker/DEBUG] [tML]: ILHook Terraria.UI.ItemSlot::Draw(SpriteBatch, Item[], int, int, Vector2, Color) added by ImproveGame
[19:24:29.658] [.NET TP Worker/DEBUG] [tML]: Hook Terraria.Projectile::GetFishingPondState(int, int, out bool, out bool, out int, out int) added by ImproveGame
[19:24:29.675] [.NET TP Worker/DEBUG] [tML]: ILHook Terraria.Main::DoUpdate(ref GameTime) added by ImproveGame
[19:24:29.677] [.NET TP Worker/DEBUG] [tML]: Hook Terraria.Player::AddBuff_DetermineBuffTimeToAdd(int, int) added by ImproveGame
[19:24:29.679] [.NET TP Worker/DEBUG] [tML]: Hook Terraria.Player::CheckSpawn(int, int) added by ImproveGame
[19:24:29.681] [.NET TP Worker/DEBUG] [tML]: ILHook Terraria.GameContent.ShopHelper::GetShoppingSettings(Player, NPC) added by ImproveGame
[19:24:29.684] [.NET TP Worker/DEBUG] [tML]: ILHook Terraria.Main::DrawInfernoRings() added by ImproveGame
[19:24:29.686] [.NET TP Worker/DEBUG] [tML]: Hook Terraria.Projectile::FishingCheck_ProbeForQuestFish(ref FishingAttempt) added by ImproveGame
[19:24:29.687] [.NET TP Worker/DEBUG] [tML]: Hook Terraria.GameContent.PlayerSleepingHelper::DoesPlayerHaveReasonToActUpInBed(Player) added by ImproveGame
[19:24:29.689] [.NET TP Worker/DEBUG] [tML]: Hook Terraria.Graphics.Light.TileLightScanner::LightIsBlocked(Tile) added by ImproveGame
[19:24:29.691] [.NET TP Worker/DEBUG] [tML]: Hook Terraria.Player::HasUnityPotion() added by ImproveGame
[19:24:29.693] [.NET TP Worker/DEBUG] [tML]: Hook Terraria.Player::TakeUnityPotion() added by ImproveGame
[19:24:29.695] [.NET TP Worker/DEBUG] [tML]: Hook Terraria.Projectile::ExplodeTiles(Vector2, int, int, int, int, int, bool) added by ImproveGame
[19:24:29.697] [.NET TP Worker/DEBUG] [tML]: Hook Terraria.Player::UpdateGraveyard(bool) added by ImproveGame
[19:24:29.711] [.NET TP Worker/DEBUG] [tML]: Hook Terraria.Main::UpdateAudio() added by ImproveGame
[19:24:29.713] [.NET TP Worker/DEBUG] [tML]: Hook Terraria.GameContent.AmbientWindSystem::Update() added by ImproveGame
[19:24:29.720] [.NET TP Worker/DEBUG] [tML]: Hook Terraria.Graphics.Renderers.LegacyPlayerRenderer::DrawPlayerFull(Camera, Player) added by ImproveGame
[19:24:29.726] [.NET TP Worker/DEBUG] [tML]: ILHook Terraria.Player::AdjTiles() added by ImproveGame
[19:24:29.729] [.NET TP Worker/DEBUG] [tML]: Hook Terraria.Recipe::FindRecipes(bool) added by ImproveGame
[19:24:29.731] [.NET TP Worker/DEBUG] [tML]: Hook Terraria.WorldGen::moveRoom(int, int, int) added by ImproveGame
[19:24:29.732] [.NET TP Worker/DEBUG] [tML]: Hook Terraria.Main::UpdateTime_SpawnTownNPCs() added by ImproveGame
[19:24:29.734] [.NET TP Worker/DEBUG] [tML]: Hook Terraria.WorldGen::QuickFindHome(int) added by ImproveGame
[19:24:29.736] [.NET TP Worker/DEBUG] [tML]: Hook Terraria.Main::GetBestiaryProgressReport() added by ImproveGame
[19:24:29.741] [.NET TP Worker/DEBUG] [tML]: Hook Terraria.Player::PickTile(int, int, int) added by ImproveGame
[19:24:29.746] [.NET TP Worker/DEBUG] [tML]: Hook Terraria.Player::ItemCheck_UseMiningTools_ActuallyUseMiningTool(Item, out bool, int, int) added by ImproveGame
[19:24:29.754] [.NET TP Worker/DEBUG] [tML]: Hook Terraria.Main::UpdateWeather(GameTime, int) added by ImproveGame
[19:24:29.754] [.NET TP Worker/WARN] [tML]: ImproveGame.Content.Items.SelectorItem has reference fields (_syncRunner) that may not be safe to share between clones.
For deep-cloning, add a custom Clone override and make proper copies of these fields. If shallow (memberwise) cloning is acceptable, mark the fields with [CloneByReference] or properties with [field: CloneByReference]
[19:24:29.755] [.NET TP Worker/WARN] [tML]: ImproveGame.Content.Items.CreateWand has reference fields (_cachedMaterialSources) that may not be safe to share between clones.
For deep-cloning, add a custom Clone override and make proper copies of these fields. If shallow (memberwise) cloning is acceptable, mark the fields with [CloneByReference] or properties with [field: CloneByReference]
[19:24:29.756] [.NET TP Worker/WARN] [tML]: ImproveGame.Content.Items.LiquidWand has reference fields (CanInfiniteUse, _syncRunner) that may not be safe to share between clones.
For deep-cloning, add a custom Clone override and make proper copies of these fields. If shallow (memberwise) cloning is acceptable, mark the fields with [CloneByReference] or properties with [field: CloneByReference]
[19:24:29.757] [.NET TP Worker/WARN] [tML]: ImproveGame.Content.Items.SpaceWand has reference fields (_syncRunner) that may not be safe to share between clones.
For deep-cloning, add a custom Clone override and make proper copies of these fields. If shallow (memberwise) cloning is acceptable, mark the fields with [CloneByReference] or properties with [field: CloneByReference]
[19:24:29.763] [.NET TP Worker/DEBUG] [tML]: Hook Terraria.WorldGen::Pyramid(int, int) added by ImproveGame
[19:24:29.768] [.NET TP Worker/DEBUG] [tML]: Hook Terraria.GameContent.Biomes.MarbleBiome::Place(Point, StructureMap) added by ImproveGame
[19:24:29.770] [.NET TP Worker/DEBUG] [tML]: Hook Terraria.GameContent.Biomes.GraniteBiome::Place(Point, StructureMap) added by ImproveGame
[19:24:29.779] [.NET TP Worker/DEBUG] [tML]: Hook Terraria.GameContent.Biomes.HiveBiome::Place(Point, StructureMap) added by ImproveGame
[19:24:29.792] [.NET TP Worker/DEBUG] [tML]: ILHook Terraria.Main::DoDraw(GameTime) added by ImproveGame
[19:24:29.814] [.NET TP Worker/DEBUG] [tML]: ILHook Terraria.Player::UpdateBiomes() added by ImproveGame
[19:24:29.816] [.NET TP Worker/DEBUG] [tML]: Hook Terraria.Main::TryGetBuffTime(int, out int) added by ImproveGame
[19:24:29.858] [.NET TP Worker/DEBUG] [tML]: ILHook Terraria.Main::DrawInventory() added by ImproveGame
[19:24:29.861] [.NET TP Worker/DEBUG] [tML]: ILHook Terraria.Main::DrawInterface_Resources_Buffs() added by ImproveGame
[19:24:29.882] [.NET TP Worker/DEBUG] [tML]: ILHook Terraria.Main::DrawInventory() added by ImproveGame
[19:24:29.884] [.NET TP Worker/DEBUG] [tML]: ILHook Terraria.Main::DrawInterface_Resources_Buffs() added by ImproveGame
[19:24:29.889] [.NET TP Worker/DEBUG] [tML]: Hook Terraria.NPC::SlimeRainSpawns(int) added by ImproveGame
[19:24:29.892] [.NET TP Worker/DEBUG] [tML]: Hook Terraria.Chest::AskForChestToEatItem(Vector2, int) added by ImproveGame
[19:24:29.902] [.NET TP Worker/DEBUG] [tML]: Hook Terraria.UI.ItemSlot::SetGlow(int, float, bool) added by ImproveGame
[19:24:29.918] [.NET TP Worker/DEBUG] [tML]: Hook Terraria.ModLoader.Config.UI.UIModConfigList::PopulateConfigs() added by ImproveGame
[19:24:29.921] [.NET TP Worker/DEBUG] [tML]: Hook Terraria.ModLoader.MenuLoader::UpdateAndDrawModMenu(SpriteBatch, GameTime, Color, float, float) added by ImproveGame
[19:24:29.923] [.NET TP Worker/DEBUG] [tML]: Hook Terraria.Main::CanPauseGame() added by ImproveGame
[19:24:29.925] [.NET TP Worker/DEBUG] [tML]: Hook Terraria.UI.IngameFancyUI::Close() added by ImproveGame
[19:24:29.927] [.NET TP Worker/DEBUG] [tML]: Hook Terraria.GameContent.UI.Chat.ItemTagHandler+ItemSnippet::UniqueDraw(bool, out Vector2, SpriteBatch, Vector2, Color, float) added by ImproveGame
[19:24:29.929] [.NET TP Worker/DEBUG] [tML]: Hook Terraria.GameContent.UI.Elements.UIPanel::DrawSelf(SpriteBatch) added by ImproveGame
[19:24:29.933] [.NET TP Worker/DEBUG] [tML]: ILHook Terraria.ModLoader.Config.UI.NPCDefinitionOptionElement::DrawSelf(SpriteBatch) added by ImproveGame
[19:24:29.936] [.NET TP Worker/DEBUG] [tML]: ILHook Terraria.ModLoader.Config.UI.BuffDefinitionOptionElement::DrawSelf(SpriteBatch) added by ImproveGame
[19:24:29.939] [.NET TP Worker/DEBUG] [tML]: ILHook Terraria.ModLoader.Config.UI.ProjectileDefinitionOptionElement::DrawSelf(SpriteBatch) added by ImproveGame
[19:24:29.943] [.NET TP Worker/DEBUG] [tML]: ILHook Terraria.ModLoader.Config.UI.ItemDefinitionOptionElement::DrawSelf(SpriteBatch) added by ImproveGame
[19:24:29.946] [.NET TP Worker/DEBUG] [tML]: ILHook Terraria.ModLoader.Config.UI.TileDefinitionOptionElement::DrawSelf(SpriteBatch) added by ImproveGame
[19:24:30.001] [.NET TP Worker/DEBUG] [tML]: ILHook Terraria.Recipe::AddToAvailableRecipes(int) added by ImproveGame
[19:24:30.002] [.NET TP Worker/DEBUG] [tML]: Hook Terraria.Recipe::TryRefocusingRecipe(int) added by ImproveGame
[19:24:30.004] [.NET TP Worker/DEBUG] [tML]: ILHook Terraria.NPC::FindFrame() added by ImproveGame
[19:24:30.004] [.NET TP Worker/DEBUG] [tML]: Hook Terraria.Main::DrawPlayerChatBubbles() added by ImproveGame
[19:24:30.005] [.NET TP Worker/DEBUG] [tML]: Hook Terraria.Main::DrawInterface(GameTime) added by ImproveGame
[19:24:30.006] [.NET TP Worker/DEBUG] [tML]: Hook Terraria.UI.UIElement::GetClippingRectangle(SpriteBatch) added by ImproveGame
[19:24:30.182] [.NET TP Worker/DEBUG] [tML]: Hook Terraria.Main::UpdateUIStates(GameTime) added by ImproveGame
[19:24:30.183] [.NET TP Worker/WARN] [tML]: ImproveGame spent 254ms blocking on asset loading. Avoid using AssetRequestMode.ImmediateLoad during mod loading where possible
[19:24:30.184] [.NET TP Worker/INFO] [tML]: 自动加载中：InnoVault (InnoVault) v1.9.101
[19:24:30.326] [.NET TP Worker/DEBUG] [tML]: ILHook Terraria.Main::DrawMenu(GameTime) added by InnoVault
[19:24:30.328] [.NET TP Worker/DEBUG] [tML]: Hook Terraria.ModLoader.UI.UIModItem::Draw(SpriteBatch) added by InnoVault
[19:24:30.331] [.NET TP Worker/DEBUG] [tML]: Hook Terraria.ModLoader.TileLoader::KillMultiTile(int, int, int, int, int) added by InnoVault
[19:24:30.347] [.NET TP Worker/DEBUG] [tML]: Hook Terraria.Graphics.Effects.FilterManager::EndCapture(RenderTarget2D, RenderTarget2D, RenderTarget2D, Color) added by InnoVault
[19:24:30.353] [.NET TP Worker/DEBUG] [tML]: Hook Terraria.Main::DrawDust() added by InnoVault
[19:24:30.355] [.NET TP Worker/DEBUG] [tML]: Hook Terraria.Main::DoDraw_WallsAndBlacks() added by InnoVault
[19:24:30.357] [.NET TP Worker/DEBUG] [tML]: Hook Terraria.Main::DoDraw_DrawNPCsOverTiles() added by InnoVault
[19:24:30.359] [.NET TP Worker/DEBUG] [tML]: Hook Terraria.Graphics.Renderers.LegacyPlayerRenderer::DrawPlayers(Camera, IEnumerable`1) added by InnoVault
[19:24:30.359] [.NET TP Worker/DEBUG] [tML]: Hook Terraria.Main::DrawInfernoRings() added by InnoVault
[19:24:30.363] [.NET TP Worker/DEBUG] [tML]: Hook Terraria.Dust::NewDust(Vector2, int, int, int, float, float, int, Color, float) added by InnoVault
[19:24:30.365] [.NET TP Worker/DEBUG] [tML]: Hook Terraria.Dust::NewDustDirect(Vector2, int, int, int, float, float, int, Color, float) added by InnoVault
[19:24:30.366] [.NET TP Worker/DEBUG] [tML]: Hook Terraria.Dust::NewDustPerfect(Vector2, int, Nullable`1, int, Color, float) added by InnoVault
[19:24:30.389] [.NET TP Worker/DEBUG] [tML]: Hook Terraria.Dust::UpdateDust() added by InnoVault
[19:24:30.390] [.NET TP Worker/DEBUG] [tML]: Hook Terraria.Main::DrawDust() added by InnoVault
[19:24:30.392] [.NET TP Worker/DEBUG] [tML]: Hook Terraria.ModLoader.ItemLoader::Shoot(Item, Player, EntitySource_ItemUse_WithAmmo, Vector2, Vector2, int, int, float, bool) added by InnoVault
[19:24:30.394] [.NET TP Worker/DEBUG] [tML]: Hook Terraria.ModLoader.ItemLoader::ModifyShootStats(Item, Player, ref Vector2, ref Vector2, ref int, ref int, ref float) added by InnoVault
[19:24:30.396] [.NET TP Worker/DEBUG] [tML]: Hook Terraria.ModLoader.ItemLoader::OnHitNPC(Item, Player, NPC, ref HitInfo, int) added by InnoVault
[19:24:30.398] [.NET TP Worker/DEBUG] [tML]: Hook Terraria.ModLoader.ItemLoader::OnHitPvp(Item, Player, Player, HurtInfo) added by InnoVault
[19:24:30.400] [.NET TP Worker/DEBUG] [tML]: Hook Terraria.ModLoader.ItemLoader::ModifyHitNPC(Item, Player, NPC, ref HitModifiers) added by InnoVault
[19:24:30.401] [.NET TP Worker/DEBUG] [tML]: Hook Terraria.ModLoader.ItemLoader::CanUseItem(Item, Player) added by InnoVault
[19:24:30.403] [.NET TP Worker/DEBUG] [tML]: Hook Terraria.ModLoader.ItemLoader::ConsumeItem(Item, Player) added by InnoVault
[19:24:30.405] [.NET TP Worker/DEBUG] [tML]: Hook Terraria.ModLoader.ItemLoader::PreDrawInInventory(Item, SpriteBatch, Vector2, Rectangle, Color, Color, Vector2, float) added by InnoVault
[19:24:30.407] [.NET TP Worker/DEBUG] [tML]: Hook Terraria.ModLoader.ItemLoader::PostDrawInInventory(Item, SpriteBatch, Vector2, Rectangle, Color, Color, Vector2, float) added by InnoVault
[19:24:30.409] [.NET TP Worker/DEBUG] [tML]: Hook Terraria.ModLoader.ItemLoader::UseItem(Item, Player) added by InnoVault
[19:24:30.411] [.NET TP Worker/DEBUG] [tML]: Hook Terraria.ModLoader.ItemLoader::UseAnimation(Item, Player) added by InnoVault
[19:24:30.419] [.NET TP Worker/DEBUG] [tML]: Hook Terraria.ModLoader.ItemLoader::UseStyle(Item, Player, Rectangle) added by InnoVault
[19:24:30.421] [.NET TP Worker/DEBUG] [tML]: Hook Terraria.ModLoader.ItemLoader::UseItemFrame(Item, Player) added by InnoVault
[19:24:30.423] [.NET TP Worker/DEBUG] [tML]: Hook Terraria.ModLoader.ItemLoader::ModifyWeaponCrit(Item, Player, ref float) added by InnoVault
[19:24:30.424] [.NET TP Worker/DEBUG] [tML]: Hook Terraria.ModLoader.ItemLoader::ModifyItemLoot(Item, ItemLoot) added by InnoVault
[19:24:30.426] [.NET TP Worker/DEBUG] [tML]: Hook Terraria.ModLoader.ItemLoader::CanConsumeAmmo(Item, Item, Player) added by InnoVault
[19:24:30.428] [.NET TP Worker/DEBUG] [tML]: Hook Terraria.ModLoader.ItemLoader::ModifyWeaponDamage(Item, Player, ref StatModifier) added by InnoVault
[19:24:30.430] [.NET TP Worker/DEBUG] [tML]: Hook Terraria.ModLoader.ItemLoader::UpdateAccessory(Item, Player, bool) added by InnoVault
[19:24:30.432] [.NET TP Worker/DEBUG] [tML]: Hook Terraria.ModLoader.ItemLoader::AltFunctionUse(Item, Player) added by InnoVault
[19:24:30.433] [.NET TP Worker/DEBUG] [tML]: Hook Terraria.ModLoader.ItemLoader::MeleePrefix(Item) added by InnoVault
[19:24:30.434] [.NET TP Worker/DEBUG] [tML]: Hook Terraria.ModLoader.ItemLoader::RangedPrefix(Item) added by InnoVault
[19:24:30.436] [.NET TP Worker/DEBUG] [tML]: Hook Terraria.ModLoader.ItemLoader::AllowPrefix(Item, int) added by InnoVault
[19:24:30.440] [.NET TP Worker/DEBUG] [tML]: Hook Terraria.ModLoader.ItemLoader::ModifyTooltips(Item, ref int, String[], ref String[], ref Boolean[], ref Boolean[], ref int, out Nullable`1[], int) added by InnoVault
[19:24:30.441] [.NET TP Worker/DEBUG] [tML]: Hook Terraria.Item::get_Name() added by InnoVault
[19:24:30.443] [.NET TP Worker/DEBUG] [tML]: Hook Terraria.Item::AffixName() added by InnoVault
[19:24:30.445] [.NET TP Worker/DEBUG] [tML]: Hook Terraria.Item::Shimmering() added by InnoVault
[19:24:30.450] [.NET TP Worker/DEBUG] [tML]: Hook Terraria.Item::GetShimmered() added by InnoVault
[19:24:30.504] [.NET TP Worker/DEBUG] [tML]: Hook Terraria.Player::ItemCheck_Shoot(int, Item, int) added by InnoVault
[19:24:30.521] [.NET TP Worker/DEBUG] [tML]: Hook Terraria.Player::UpdateArmorSets(int) added by InnoVault
[19:24:30.523] [.NET TP Worker/DEBUG] [tML]: Hook Terraria.Main::DrawMenu(GameTime) added by InnoVault
[19:24:30.523] [.NET TP Worker/DEBUG] [tML]: Hook Terraria.ModLoader.MenuLoader::UpdateAndDrawModMenu(SpriteBatch, GameTime, Color, float, float) added by InnoVault
[19:24:30.524] [.NET TP Worker/DEBUG] [tML]: Hook Terraria.ModLoader.UI.Interface::AddMenuButtons(Main, int, String[], Single[], ref int, ref int, ref int, ref int) added by InnoVault
[19:24:30.526] [.NET TP Worker/DEBUG] [tML]: Hook Terraria.ModLoader.NPCLoader::OnHitByItem(NPC, Player, Item, ref HitInfo, int) added by InnoVault
[19:24:30.529] [.NET TP Worker/DEBUG] [tML]: Hook Terraria.ModLoader.NPCLoader::OnHitByProjectile(NPC, Projectile, ref HitInfo, int) added by InnoVault
[19:24:30.531] [.NET TP Worker/DEBUG] [tML]: Hook Terraria.ModLoader.NPCLoader::ModifyIncomingHit(NPC, ref HitModifiers) added by InnoVault
[19:24:30.533] [.NET TP Worker/DEBUG] [tML]: Hook Terraria.ModLoader.NPCLoader::FindFrame(NPC, int) added by InnoVault
[19:24:30.534] [.NET TP Worker/DEBUG] [tML]: Hook Terraria.ModLoader.NPCLoader::SetChatButtons(ref string, ref string) added by InnoVault
[19:24:30.536] [.NET TP Worker/DEBUG] [tML]: Hook Terraria.NPC::UsesPartyHat() added by InnoVault
[19:24:30.537] [.NET TP Worker/DEBUG] [tML]: Hook Terraria.ModLoader.NPCLoader::UsesPartyHat(NPC) added by InnoVault
[19:24:30.539] [.NET TP Worker/DEBUG] [tML]: Hook Terraria.ModLoader.NPCLoader::NPCAI(NPC) added by InnoVault
[19:24:30.541] [.NET TP Worker/DEBUG] [tML]: Hook Terraria.ModLoader.NPCLoader::PreDraw(NPC, SpriteBatch, Vector2, Color) added by InnoVault
[19:24:30.543] [.NET TP Worker/DEBUG] [tML]: Hook Terraria.ModLoader.NPCLoader::PostDraw(NPC, SpriteBatch, Vector2, Color) added by InnoVault
[19:24:30.544] [.NET TP Worker/DEBUG] [tML]: Hook Terraria.ModLoader.NPCLoader::CheckDead(NPC) added by InnoVault
[19:24:30.546] [.NET TP Worker/DEBUG] [tML]: Hook Terraria.ModLoader.NPCLoader::SpecialOnKill(NPC) added by InnoVault
[19:24:30.548] [.NET TP Worker/DEBUG] [tML]: Hook Terraria.ModLoader.NPCLoader::CheckActive(NPC) added by InnoVault
[19:24:30.550] [.NET TP Worker/DEBUG] [tML]: Hook Terraria.ModLoader.NPCLoader::PreKill(NPC) added by InnoVault
[19:24:30.552] [.NET TP Worker/DEBUG] [tML]: Hook Terraria.Main::DrawNPCHeadBoss(Entity, byte, float, float, SpriteEffects, int, float, float) added by InnoVault
[19:24:30.554] [.NET TP Worker/DEBUG] [tML]: Hook Terraria.NPC::GetBossHeadTextureIndex() added by InnoVault
[19:24:30.555] [.NET TP Worker/DEBUG] [tML]: Hook Terraria.NPC::GetBossHeadRotation() added by InnoVault
[19:24:30.557] [.NET TP Worker/DEBUG] [tML]: Hook Terraria.NPC::GetBossHeadSpriteEffects() added by InnoVault
[19:24:30.695] [.NET TP Worker/DEBUG] [tML]: ILHook Terraria.Player::Update(int) added by InnoVault
[19:24:30.696] [.NET TP Worker/DEBUG] [tML]: Hook Terraria.Graphics.Renderers.LegacyPlayerRenderer::DrawPlayers(Camera, IEnumerable`1) added by InnoVault
[19:24:30.699] [.NET TP Worker/DEBUG] [tML]: Hook Terraria.ModLoader.PlayerLoader::ModifyHitNPCWithItem(Player, Item, NPC, ref HitModifiers) added by InnoVault
[19:24:30.701] [.NET TP Worker/DEBUG] [tML]: Hook Terraria.ModLoader.PlayerLoader::ModifyHitNPCWithProj(Player, Projectile, NPC, ref HitModifiers) added by InnoVault
[19:24:30.702] [.NET TP Worker/DEBUG] [tML]: Hook Terraria.ModLoader.PlayerLoader::OnHitNPC(Player, NPC, ref HitInfo, int) added by InnoVault
[19:24:30.704] [.NET TP Worker/DEBUG] [tML]: Hook Terraria.Player::GiveImmuneTimeForCollisionAttack(int) added by InnoVault
[19:24:30.708] [.NET TP Worker/DEBUG] [tML]: Hook Terraria.Player::Hurt(PlayerDeathReason, int, int, out HurtInfo, bool, bool, int, bool, float, float, float) added by InnoVault
[19:24:30.710] [.NET TP Worker/DEBUG] [tML]: Hook Terraria.ModLoader.PlayerLoader::PreKill(Player, double, int, bool, ref bool, ref bool, ref PlayerDeathReason) added by InnoVault
[19:24:30.711] [.NET TP Worker/DEBUG] [tML]: Hook Terraria.Player::ItemCheck_EmitUseVisuals(Item, Rectangle) added by InnoVault
[19:24:30.712] [.NET TP Worker/DEBUG] [tML]: Hook Terraria.ModLoader.ProjectileLoader::ProjectileAI(Projectile) added by InnoVault
[19:24:30.714] [.NET TP Worker/DEBUG] [tML]: Hook Terraria.ModLoader.ProjectileLoader::PreDraw(Projectile, ref Color) added by InnoVault
[19:24:30.715] [.NET TP Worker/DEBUG] [tML]: Hook Terraria.ModLoader.ProjectileLoader::PostDraw(Projectile, Color) added by InnoVault
[19:24:30.718] [.NET TP Worker/DEBUG] [tML]: Hook Terraria.ModLoader.ProjectileLoader::GrappleCanLatchOnTo(Projectile, Player, int, int) added by InnoVault
[19:24:30.727] [.NET TP Worker/DEBUG] [tML]: Hook Terraria.Main::UpdateAudio_DecideOnTOWMusic() added by InnoVault
[19:24:30.737] [.NET TP Worker/DEBUG] [tML]: Hook Terraria.Main::UpdateAudio_DecideOnNewMusic() added by InnoVault
[19:24:30.740] [.NET TP Worker/DEBUG] [tML]: Hook Terraria.Main::UpdateAudio() added by InnoVault
[19:24:30.743] [.NET TP Worker/DEBUG] [tML]: Hook Terraria.ModLoader.TileLoader::RightClick(int, int) added by InnoVault
[19:24:30.743] [.NET TP Worker/DEBUG] [tML]: Hook Terraria.Main::DoDraw_WallsAndBlacks() added by InnoVault
[19:24:30.748] [.NET TP Worker/DEBUG] [tML]: Hook Terraria.Collision::TileCollision(Vector2, Vector2, int, int, bool, bool, int) added by InnoVault
[19:24:30.750] [.NET TP Worker/DEBUG] [tML]: Hook Terraria.Collision::SolidCollision(Vector2, int, int) added by InnoVault
[19:24:30.753] [.NET TP Worker/DEBUG] [tML]: Hook Terraria.Collision::SolidCollision(Vector2, int, int, bool) added by InnoVault
[19:24:30.754] [.NET TP Worker/DEBUG] [tML]: Hook Terraria.Collision::SolidTiles(Vector2, int, int) added by InnoVault
[19:24:30.755] [.NET TP Worker/DEBUG] [tML]: Hook Terraria.Collision::SolidTiles(Vector2, int, int, bool) added by InnoVault
[19:24:30.759] [.NET TP Worker/DEBUG] [tML]: Hook Terraria.ModLoader.BossBarLoader::GotoSavedStyle() added by InnoVault
[19:24:30.759] [.NET TP Worker/WARN] [tML]: InnoVault spent 28ms blocking on asset loading. Avoid using AssetRequestMode.ImmediateLoad during mod loading where possible
[19:24:30.759] [.NET TP Worker/INFO] [tML]: 自动加载中：MagicBuilder (Magic Builder) v1.4.4.12
[19:24:30.764] [.NET TP Worker/WARN] [MagicBuilder]: Failed to load icon_small.png. Reason: icon_small.png does not exist.
[19:24:30.766] [.NET TP Worker/WARN] [tML]: MagicBuilder.Items.Item has reference fields (theme, structure) that may not be safe to share between clones.
For deep-cloning, add a custom Clone override and make proper copies of these fields. If shallow (memberwise) cloning is acceptable, mark the fields with [CloneByReference] or properties with [field: CloneByReference]
[19:24:30.767] [.NET TP Worker/INFO] [tML]: 自动加载中：MEAC (MEAC) v0.3
[19:24:30.781] [.NET TP Worker/WARN] [MEAC]: Failed to load icon_small.png. Reason: icon_small.png does not exist.
[19:24:30.786] [.NET TP Worker/DEBUG] [tML]: Hook Terraria.ModLoader.NPCLoader::NPCAI(NPC) added by MEAC
[19:24:30.789] [.NET TP Worker/DEBUG] [tML]: Hook Terraria.Graphics.Effects.FilterManager::EndCapture(RenderTarget2D, RenderTarget2D, RenderTarget2D, Color) added by MEAC
[19:24:30.789] [.NET TP Worker/DEBUG] [tML]: Hook Terraria.Main::DrawInterface(GameTime) added by MEAC
[19:24:30.790] [.NET TP Worker/DEBUG] [tML]: Hook Terraria.Main::UpdateAudio_DecideOnNewMusic() added by MEAC
[19:24:30.791] [.NET TP Worker/DEBUG] [tML]: Hook Terraria.Main::UpdateAudio() added by MEAC
[19:24:30.791] [.NET TP Worker/DEBUG] [tML]: Hook Terraria.Main::DrawProjectiles() added by MEAC
[19:24:30.794] [.NET TP Worker/DEBUG] [tML]: Hook Terraria.Projectile::UpdateEnchantmentVisuals() added by MEAC
[19:24:30.795] [.NET TP Worker/DEBUG] [tML]: Hook Terraria.Main::DrawInfernoRings() added by MEAC
[19:24:30.796] [.NET TP Worker/DEBUG] [tML]: Hook Terraria.Main::SetDisplayMode(int, int, bool) added by MEAC
[19:24:30.796] [.NET TP Worker/INFO] [tML]: 自动加载中：SubworldLibrary (Subworld Library) v2.3.0.1
[19:24:30.828] [.NET TP Worker/DEBUG] [tML]: ILHook Terraria.WorldGen::clearWorld() added by SubworldLibrary
[19:24:30.837] [.NET TP Worker/DEBUG] [tML]: ILHook Terraria.Main::DoUpdateInWorld(Stopwatch) added by SubworldLibrary
[19:24:30.838] [.NET TP Worker/DEBUG] [tML]: ILHook Terraria.WorldGen::UpdateWorld() added by SubworldLibrary
[19:24:30.904] [.NET TP Worker/DEBUG] [tML]: ILHook Terraria.Player::Update(int) added by SubworldLibrary
[19:24:30.907] [.NET TP Worker/DEBUG] [tML]: ILHook Terraria.NPC::UpdateNPC_UpdateGravity() added by SubworldLibrary
[19:24:30.920] [.NET TP Worker/DEBUG] [tML]: ILHook Terraria.Liquid::Update() added by SubworldLibrary
[19:24:30.923] [.NET TP Worker/DEBUG] [tML]: ILHook Terraria.Player::SavePlayer(PlayerFileData, bool) added by SubworldLibrary
[19:24:30.925] [.NET TP Worker/DEBUG] [tML]: ILHook Terraria.IO.WorldFile::SaveWorld(bool, bool) added by SubworldLibrary
[19:24:30.942] [.NET TP Worker/DEBUG] [tML]: ILHook Terraria.Main::DoDraw(GameTime) added by SubworldLibrary
[19:24:30.970] [.NET TP Worker/DEBUG] [tML]: ILHook Terraria.Main::DrawBackground() added by SubworldLibrary
[19:24:31.003] [.NET TP Worker/DEBUG] [tML]: ILHook Terraria.Main::OldDrawBackground() added by SubworldLibrary
[19:24:31.008] [.NET TP Worker/DEBUG] [tML]: ILHook Terraria.Main::UpdateAudio() added by SubworldLibrary
[19:24:31.033] [.NET TP Worker/DEBUG] [tML]: ILHook Terraria.IngameOptions::Draw(Main, SpriteBatch) added by SubworldLibrary
[19:24:31.035] [.NET TP Worker/DEBUG] [tML]: ILHook Terraria.Graphics.Light.TileLightScanner::GetTileLight(int, int, out Vector3) added by SubworldLibrary
[19:24:31.045] [.NET TP Worker/DEBUG] [tML]: ILHook Terraria.Player::UpdateBiomes() added by SubworldLibrary
[19:24:31.047] [.NET TP Worker/DEBUG] [tML]: ILHook Terraria.Main::DrawUnderworldBackground(bool) added by SubworldLibrary
[19:24:31.050] [.NET TP Worker/DEBUG] [tML]: ILHook Terraria.Netplay::AddCurrentServerToRecentList() added by SubworldLibrary
[19:24:31.052] [.NET TP Worker/DEBUG] [tML]: ILHook Terraria.Main::EraseWorld(int) added by SubworldLibrary
[19:24:31.052] [.NET TP Worker/WARN] [tML]: SubworldLibrary spent 17ms blocking on asset loading. Avoid using AssetRequestMode.ImmediateLoad during mod loading where possible
[19:24:31.052] [.NET TP Worker/INFO] [tML]: 自动加载中：WastelandSoulCN (废土魂穿 汉化补丁) v0.1
[19:24:31.090] [.NET TP Worker/WARN] [tML]: WastelandSoulCN spent 28ms blocking on asset loading. Avoid using AssetRequestMode.ImmediateLoad during mod loading where possible
[19:24:31.090] [.NET TP Worker/INFO] [tML]: 自动加载中：WastelandSoul (废土魂穿) v0.1
[19:24:31.127] [.NET TP Worker/WARN] [tML]: WastelandSoul spent 20ms blocking on asset loading. Avoid using AssetRequestMode.ImmediateLoad during mod loading where possible
[19:24:31.128] [.NET TP Worker/INFO] [tML]: 自动加载中：WeaponDisplay (ArmamentDisplay) v1.20.1
[19:24:31.148] [.NET TP Worker/WARN] [WeaponDisplay]: Failed to load icon_small.png. Reason: icon_small.png does not exist.
[19:24:31.151] [.NET TP Worker/DEBUG] [tML]: ILHook Terraria.Player::ItemCheck_MeleeHitNPCs(Item, Rectangle, int, float) added by WeaponDisplay
[19:24:31.155] [.NET TP Worker/DEBUG] [tML]: Hook Terraria.Player::ItemCheck_ManageRightClickFeatures_ShieldRaise(bool) added by WeaponDisplay
[19:24:31.172] [.NET TP Worker/DEBUG] [tML]: Hook Terraria.DataStructures.PlayerDrawLayers::DrawPlayer_27_HeldItem(ref PlayerDrawSet) added by WeaponDisplay
[19:24:31.173] [.NET TP Worker/WARN] [tML]: WeaponDisplay spent 14ms blocking on asset loading. Avoid using AssetRequestMode.ImmediateLoad during mod loading where possible
[19:24:31.173] [.NET TP Worker/INFO] [tML]: 增容中……
[19:24:31.541] [.NET TP Worker/INFO] [tML]: 特殊调整内容：ModLoader (tModLoader) v2026.8.3.0
[19:24:31.544] [.NET TP Worker/INFO] [tML]: 特殊调整内容：BossChecklist (Boss Checklist) v2.2.4
[19:24:31.544] [.NET TP Worker/INFO] [tML]: 特殊调整内容：Census (Census - Town NPC Checklist) v0.5.2.6
[19:24:31.545] [.NET TP Worker/INFO] [tML]: 特殊调整内容：CheatSheet (Cheat Sheet) v0.7.6.1
[19:24:31.545] [.NET TP Worker/INFO] [tML]: 特殊调整内容：SilkyUIFramework (SilkyUI) v0.3.0
[19:24:31.545] [.NET TP Worker/INFO] [tML]: 特殊调整内容：PropertyPanelLibrary (属性面板PropertyPanel) v0.1.0.1
[19:24:31.545] [.NET TP Worker/INFO] [tML]: 特殊调整内容：LogSpiralLibrary (错数前置库~LogSpiral's Library) v0.2.0.2
[19:24:31.547] [.NET TP Worker/INFO] [tML]: 特殊调整内容：CoolerItemVisualEffect (C.I.V.E.) v0.1.20.4
[19:24:31.547] [.NET TP Worker/INFO] [tML]: 特殊调整内容：ImproveGame (更好的体验) v1.8.2
[19:24:31.552] [.NET TP Worker/INFO] [tML]: 特殊调整内容：InnoVault (InnoVault) v1.9.101
[19:24:31.554] [.NET TP Worker/INFO] [tML]: 特殊调整内容：MagicBuilder (Magic Builder) v1.4.4.12
[19:24:31.555] [.NET TP Worker/INFO] [tML]: 特殊调整内容：MEAC (MEAC) v0.3
[19:24:31.556] [.NET TP Worker/INFO] [tML]: 特殊调整内容：SubworldLibrary (Subworld Library) v2.3.0.1
[19:24:31.561] [.NET TP Worker/INFO] [tML]: 特殊调整内容：WastelandSoulCN (废土魂穿 汉化补丁) v0.1
[19:24:31.562] [.NET TP Worker/INFO] [tML]: 特殊调整内容：WastelandSoul (废土魂穿) v0.1
[19:24:31.585] [.NET TP Worker/INFO] [tML]: 特殊调整内容：WeaponDisplay (ArmamentDisplay) v1.20.1
[19:24:31.637] [.NET TP Worker/INFO] [tML]: 完成最后步骤：ModLoader (tModLoader) v2026.8.3.0
[19:24:31.639] [.NET TP Worker/INFO] [tML]: 完成最后步骤：BossChecklist (Boss Checklist) v2.2.4
[19:24:31.640] [.NET TP Worker/INFO] [tML]: 完成最后步骤：Census (Census - Town NPC Checklist) v0.5.2.6
[19:24:31.642] [.NET TP Worker/INFO] [tML]: 完成最后步骤：CheatSheet (Cheat Sheet) v0.7.6.1
[19:24:31.646] [.NET TP Worker/INFO] [tML]: 完成最后步骤：SilkyUIFramework (SilkyUI) v0.3.0
[19:24:31.650] [.NET TP Worker/INFO] [tML]: 完成最后步骤：PropertyPanelLibrary (属性面板PropertyPanel) v0.1.0.1
[19:24:31.652] [.NET TP Worker/INFO] [tML]: 完成最后步骤：LogSpiralLibrary (错数前置库~LogSpiral's Library) v0.2.0.2
[19:24:31.671] [.NET TP Worker/INFO] [tML]: 完成最后步骤：CoolerItemVisualEffect (C.I.V.E.) v0.1.20.4
[19:24:31.835] [.NET TP Worker/WARN] [tML]: CoolerItemVisualEffect spent 159ms blocking on asset loading. Avoid using AssetRequestMode.ImmediateLoad during mod loading where possible
[19:24:31.835] [.NET TP Worker/INFO] [tML]: 完成最后步骤：ImproveGame (更好的体验) v1.8.2
[19:24:31.846] [.NET TP Worker/DEBUG] [tML]: Hook Terraria.GameContent.Bestiary.CommonEnemyUICollectionInfoProvider::GetEntryUICollectionInfo() added by ImproveGame
[19:24:31.847] [.NET TP Worker/DEBUG] [tML]: Hook Terraria.GameContent.Bestiary.CritterUICollectionInfoProvider::GetEntryUICollectionInfo() added by ImproveGame
[19:24:31.848] [.NET TP Worker/DEBUG] [tML]: Hook Terraria.GameContent.Bestiary.GoldCritterUICollectionInfoProvider::GetEntryUICollectionInfo() added by ImproveGame
[19:24:31.850] [.NET TP Worker/DEBUG] [tML]: Hook Terraria.GameContent.Bestiary.HighestOfMultipleUICollectionInfoProvider::GetEntryUICollectionInfo() added by ImproveGame
[19:24:31.851] [.NET TP Worker/DEBUG] [tML]: Hook Terraria.GameContent.Bestiary.SalamanderShellyDadUICollectionInfoProvider::GetEntryUICollectionInfo() added by ImproveGame
[19:24:31.852] [.NET TP Worker/DEBUG] [tML]: Hook Terraria.GameContent.Bestiary.TownNPCUICollectionInfoProvider::GetEntryUICollectionInfo() added by ImproveGame
[19:24:31.950] [.NET TP Worker/WARN] [tML]: ImproveGame spent 80ms blocking on asset loading. Avoid using AssetRequestMode.ImmediateLoad during mod loading where possible
[19:24:31.950] [.NET TP Worker/INFO] [tML]: 完成最后步骤：InnoVault (InnoVault) v1.9.101
[19:24:31.961] [.NET TP Worker/DEBUG] [InnoVault]: Registered custom asset loader: InnoVault.Models3D.Runtime.Model3DLoadenHandle
[19:24:32.233] [.NET TP Worker/INFO] [tML]: 完成最后步骤：MagicBuilder (Magic Builder) v1.4.4.12
[19:24:32.235] [.NET TP Worker/INFO] [tML]: 完成最后步骤：MEAC (MEAC) v0.3
[19:24:32.237] [.NET TP Worker/INFO] [tML]: 完成最后步骤：SubworldLibrary (Subworld Library) v2.3.0.1
[19:24:32.238] [.NET TP Worker/INFO] [tML]: 完成最后步骤：WastelandSoulCN (废土魂穿 汉化补丁) v0.1
[19:24:32.240] [.NET TP Worker/INFO] [tML]: 完成最后步骤：WastelandSoul (废土魂穿) v0.1
[19:24:32.242] [.NET TP Worker/INFO] [tML]: 完成最后步骤：WeaponDisplay (ArmamentDisplay) v1.20.1
[19:24:32.247] [.NET TP Worker/INFO] [tML]: Mods using the most RAM: LogSpiralLibrary 142.0 MB, ImproveGame 50.5 MB, WastelandSoul 50.4 MB
[19:24:32.258] [.NET TP Worker/INFO] [tML]: RAM physical: tModLoader usage: 1.2 GB, All processes usage: 7.7 GB, Available: 16.1 GB, Total Installed: 23.7 GB
[19:24:32.258] [.NET TP Worker/INFO] [tML]: RAM virtual: tModLoader usage: 2.8 GB, All processes usage: 12.6 GB
[19:24:32.312] [.NET TP Worker/DEBUG] [tML]: GlobalItem registration stats. Count: 35, Slots per Entity: 9
	Instanced: 9, Conditional with slot: 6, Conditional by type: 1, Applies to single type: 2
	List Permutations: 24, Est Memory Consumption: 2504 bytes
[19:24:32.332] [.NET TP Worker/DEBUG] [tML]: GlobalNPC registration stats. Count: 17, Slots per Entity: 7
	Instanced: 7, Conditional with slot: 4, Conditional by type: 1, Applies to single type: 2
	List Permutations: 27, Est Memory Consumption: 1192 bytes
[19:24:32.337] [.NET TP Worker/DEBUG] [tML]: GlobalProjectile registration stats. Count: 6, Slots per Entity: 4
	Instanced: 4, Conditional with slot: 1, Conditional by type: 0, Applies to single type: 0
	List Permutations: 5, Est Memory Consumption: 160 bytes
[19:24:32.421] [.NET TP Worker/INFO] [tML]: 添加合成配方……
[19:24:32.481] [.NET TP Worker/INFO] [BossChecklist]: BossChecklist (v2.0.0)最近更新了Boss日志的Mod调用. 查看GitHub Wiki指南以了解最近的改动! 已更新的BossChecklist的Mod.Call文档在此处: https://github.com/JavidPack/BossChecklist/wiki/[1.4.4]-Boss-Log-Entry-Mod-Call
[19:24:32.481] [.NET TP Worker/INFO] [BossChecklist]: BossChecklist v1.4.0最近更新了原版条目的进度值
[19:24:32.482] [.NET TP Worker/INFO] [BossChecklist]: Boss日志的集成信息将不会被记录.
[19:24:33.439] [.NET TP Worker/INFO] [tML]: Finding Mods...
[19:24:33.446] [.NET TP Worker/INFO] [tML]: Mod Load Completed in 7699ms
[19:24:33.473] [Main Thread/DEBUG] [tML]: Web Request: https://api.steampowered.com/ISteamNews/GetNewsForApp/v2/?appid=1281930&count=1&feeds=steam_community_announcements
[19:24:33.478] [.NET TP Worker/DEBUG] [tML]: Web Request: http://127.0.0.1:7892/
[19:24:35.246] [Main Thread/INFO] [BossChecklist]: Log.Indicator.ProgressionMode
[19:24:38.732] [.NET TP Worker/INFO] [Terraria]: Loading World: 不满的人类壶穴, IsCloud=False, Width: 4200, Height: 1200, Evil: 0, GameMode: 0
[19:24:38.746] [.NET TP Worker/INFO] [StatusText]: 正在加载世界数据：
[19:24:38.931] [.NET TP Worker/INFO] [StatusText]: 正在安置液体
[19:24:39.200] [.NET TP Worker/INFO] [StatusText]: 正在加载地图数据：
[19:24:39.220] [.NET TP Worker/INFO] [StatusText]: 正在绘制地图：
[19:24:39.252] [Main Thread/INFO] [WastelandSoul]: [WastelandSoul] 3D 探针加载成功：Wasteland3DProbe｜4 个网格分组 / 264 顶点 / 132 三角形 / 6 个材质 / 骨骼=0 / 动画=0
[19:24:39.286] [Main Thread/INFO] [Terraria]: Entering world with player: 111, IsCloud=False, Width: 4200, Height: 1200, Evil: 0, GameMode: 0
[19:24:40.253] [Main Thread/INFO] [WastelandSoul]: FireplaceGateSystem: 左海门 (205, 315) / 右海门 (3979, 314) 已放置（主世界两侧海洋，海平面高度）
[19:25:20.662] [.NET TP Worker/INFO] [StatusText]: 正在保存地图数据：
[19:25:20.721] [.NET TP Worker/INFO] [StatusText]: 正在备份玩家文件……
[19:25:20.852] [.NET TP Worker/INFO] [StatusText]: 正在保存世界数据：
[19:25:20.916] [.NET TP Worker/INFO] [StatusText]: 正在验证世界保存数据：
[19:25:20.936] [.NET TP Worker/INFO] [StatusText]: 正在备份世界文件
[19:25:20.944] [.NET TP Worker/INFO] [StatusText]: 保存修改后的世界数据
[19:25:21.171] [.NET TP Worker/INFO] [StatusText]: 正在清除地图数据：
[19:25:21.243] [.NET TP Worker/INFO] [WastelandSoul]: [壁炉] 本次进入：本机首次生成
[19:25:21.243] [.NET TP Worker/INFO] [WastelandSoul]: [壁炉生成] 已注册 6 个生成步骤（世界 900x1300）
[19:25:21.255] [Main Thread/INFO] [Terraria]: Entering world with player: 111, IsCloud=False, Width: 900, Height: 1300, Evil: 0, GameMode: 0
[19:25:21.371] [Main Thread/WARN] [LogSpiralLibrary]: Already registered the factory named CoolerItemVisualEffect:MeleeModify_0
 The previous one is replaced.
[19:25:21.390] [Main Thread/INFO] [WastelandSoul]: FireplaceEntrySystem: 壁炉是本存档首次生成，1.5 秒后自动补一次「出去再进来」
[19:25:22.773] [.NET TP Worker/INFO] [StatusText]: 正在备份玩家文件……
[19:25:22.795] [.NET TP Worker/INFO] [StatusText]: 正在清除地图数据：
[19:25:22.850] [.NET TP Worker/INFO] [StatusText]: 正在加载世界数据：
[19:25:22.978] [.NET TP Worker/INFO] [StatusText]: 正在安置液体
[19:25:23.062] [.NET TP Worker/INFO] [StatusText]: 正在加载地图数据：
[19:25:23.069] [.NET TP Worker/INFO] [StatusText]: 正在绘制地图：
[19:25:23.087] [Main Thread/INFO] [Terraria]: Entering world with player: 111, IsCloud=False, Width: 4200, Height: 1200, Evil: 0, GameMode: 0
[19:25:23.206] [Main Thread/WARN] [LogSpiralLibrary]: Already registered the factory named CoolerItemVisualEffect:MeleeModify_0
 The previous one is replaced.
[19:25:24.089] [.NET TP Worker/INFO] [StatusText]: 正在保存地图数据：
[19:25:24.141] [.NET TP Worker/INFO] [StatusText]: 正在备份玩家文件……
[19:25:24.221] [.NET TP Worker/INFO] [StatusText]: 正在保存世界数据：
[19:25:24.270] [.NET TP Worker/INFO] [StatusText]: 正在验证世界保存数据：
[19:25:24.282] [.NET TP Worker/INFO] [StatusText]: 正在备份世界文件
[19:25:24.288] [.NET TP Worker/INFO] [StatusText]: 保存修改后的世界数据
[19:25:24.478] [.NET TP Worker/INFO] [StatusText]: 正在清除地图数据：
[19:25:24.537] [.NET TP Worker/INFO] [WastelandSoul]: [壁炉生成] 步骤 1 1/6 灰烬原野 开始：世界 900x1300（布局期望 900x1300）
[19:25:26.418] [.NET TP Worker/INFO] [WastelandSoul]: [壁炉生成] 灰烬草地表 695 列
[19:25:26.426] [.NET TP Worker/INFO] [WastelandSoul]: [壁炉生成] 地表碎石 70 处
[19:25:26.426] [.NET TP Worker/INFO] [WastelandSoul]: [壁炉生成] 灰烬树 0 棵
[19:25:26.457] [.NET TP Worker/INFO] [WastelandSoul]: [壁炉生成] 自然矿洞 11 处
[19:25:26.457] [.NET TP Worker/INFO] [WastelandSoul]: [壁炉生成] 矿道 0 条
[19:25:26.464] [.NET TP Worker/INFO] [WastelandSoul]: [壁炉生成] 结构附近沙透镜体换成石头 1154 格（外扩 24 格）
[19:25:26.464] [.NET TP Worker/INFO] [WastelandSoul]: [壁炉生成] 步骤 2 2/6 壁炉堡垒 开始：世界 900x1300（布局期望 900x1300）
[19:25:26.940] [.NET TP Worker/INFO] [WastelandSoul]: [壁炉生成] 步骤 3 3/6 祈塔 开始：世界 900x1300（布局期望 900x1300）
[19:25:26.999] [.NET TP Worker/INFO] [WastelandSoul]: [壁炉生成] 步骤 4 4/6 地下通道 开始：世界 900x1300（布局期望 900x1300）
[19:25:27.147] [.NET TP Worker/INFO] [WastelandSoul]: [壁炉生成] 步骤 5 5/6 椭球地宫 开始：世界 900x1300（布局期望 900x1300）
[19:25:27.463] [.NET TP Worker/INFO] [WastelandSoul]: [壁炉生成] 地宫照明：火把 73、吊灯 27、书架 0、藤蔓 0 格
[19:25:27.468] [.NET TP Worker/INFO] [WastelandSoul]: [壁炉生成] 地宫：房间 7 间，椭球 744x264 @ (450, 1150)，壳厚 5
[19:25:27.468] [.NET TP Worker/INFO] [WastelandSoul]: [壁炉生成] 步骤 5 5/6 椭球地宫 完成：累计写入 1100611 格
[19:25:27.469] [.NET TP Worker/INFO] [WastelandSoul]: [壁炉生成] 步骤 6 6/6 收尾 开始：世界 900x1300（布局期望 900x1300）
[19:25:28.843] [.NET TP Worker/INFO] [WastelandSoul]: [壁炉生成] 全部完成：累计写入 1100611 格；出生点 (400, 650)；worldSurface=840
[19:25:28.844] [.NET TP Worker/INFO] [WastelandSoul]: [壁炉] 本次进入：本机首次生成
[19:25:28.844] [.NET TP Worker/INFO] [WastelandSoul]: [壁炉生成] 已注册 6 个生成步骤（世界 900x1300）
[19:25:28.855] [Main Thread/INFO] [Terraria]: Entering world with player: 111, IsCloud=False, Width: 900, Height: 1300, Evil: 0, GameMode: 0
[19:25:28.971] [Main Thread/WARN] [LogSpiralLibrary]: Already registered the factory named CoolerItemVisualEffect:MeleeModify_0
 The previous one is replaced.
[19:25:29.013] [Main Thread/INFO] [WastelandSoul]: FireplaceEntrySystem: 已重新进入壁炉，本次收尾完成
[19:25:33.673] [.NET TP Worker/INFO] [StatusText]: 正在备份玩家文件……
[19:25:33.693] [.NET TP Worker/INFO] [StatusText]: 正在清除地图数据：
[19:25:33.748] [.NET TP Worker/INFO] [StatusText]: 正在加载世界数据：
[19:25:33.865] [.NET TP Worker/INFO] [StatusText]: 正在安置液体
[19:25:33.958] [.NET TP Worker/INFO] [StatusText]: 正在加载地图数据：
[19:25:33.966] [.NET TP Worker/INFO] [StatusText]: 正在绘制地图：
[19:25:33.990] [Main Thread/INFO] [Terraria]: Entering world with player: 111, IsCloud=False, Width: 4200, Height: 1200, Evil: 0, GameMode: 0
[19:25:34.105] [Main Thread/WARN] [LogSpiralLibrary]: Already registered the factory named CoolerItemVisualEffect:MeleeModify_0
 The previous one is replaced.
[19:25:34.989] [Main Thread/INFO] [WastelandSoul]: FireplaceGateSystem: 左海门 (205, 315) / 右海门 (3979, 314) 已放置（主世界两侧海洋，海平面高度）
[19:25:48.498] [.NET TP Worker/DEBUG] [tML]: Assembly Resolve: System.Net.Sockets, Version=8.0.0.0, Culture=neutral, PublicKeyToken=b03f5f7f11d50a3a -> System.Net.Sockets.resources, Version=8.0.0.0, Culture=zh-CN, PublicKeyToken=b03f5f7f11d50a3a
[19:25:48.498] [.NET TP Worker/DEBUG] [tML]: Assembly Resolve: System.Net.Sockets, Version=8.0.0.0, Culture=neutral, PublicKeyToken=b03f5f7f11d50a3a -> System.Net.Sockets.resources, Version=8.0.0.0, Culture=zh-Hans, PublicKeyToken=b03f5f7f11d50a3a
[19:25:48.499] [.NET TP Worker/DEBUG] [tML]: Assembly Resolve: System.Net.Sockets, Version=8.0.0.0, Culture=neutral, PublicKeyToken=b03f5f7f11d50a3a -> System.Net.Sockets.resources, Version=8.0.0.0, Culture=zh, PublicKeyToken=b03f5f7f11d50a3a
[19:28:07.522] [.NET TP Worker/INFO] [StatusText]: 正在保存地图数据：
[19:28:07.578] [.NET TP Worker/INFO] [StatusText]: 正在备份玩家文件……
[19:28:07.650] [.NET TP Worker/INFO] [StatusText]: 正在保存世界数据：
[19:28:07.700] [.NET TP Worker/INFO] [StatusText]: 正在验证世界保存数据：
[19:28:07.712] [.NET TP Worker/INFO] [StatusText]: 正在备份世界文件
[19:28:07.719] [.NET TP Worker/INFO] [StatusText]: 保存修改后的世界数据
[19:28:07.921] [.NET TP Worker/INFO] [StatusText]: 正在清除地图数据：
[19:28:08.015] [.NET TP Worker/INFO] [WastelandSoul]: [壁炉生成] 步骤 1 1/6 灰烬原野 开始：世界 900x1300（布局期望 900x1300）
[19:28:09.928] [.NET TP Worker/INFO] [WastelandSoul]: [壁炉生成] 灰烬草地表 695 列
[19:28:09.936] [.NET TP Worker/INFO] [WastelandSoul]: [壁炉生成] 地表碎石 70 处
[19:28:09.936] [.NET TP Worker/INFO] [WastelandSoul]: [壁炉生成] 灰烬树 0 棵
[19:28:09.969] [.NET TP Worker/INFO] [WastelandSoul]: [壁炉生成] 自然矿洞 11 处
[19:28:09.969] [.NET TP Worker/INFO] [WastelandSoul]: [壁炉生成] 矿道 0 条
[19:28:09.976] [.NET TP Worker/INFO] [WastelandSoul]: [壁炉生成] 结构附近沙透镜体换成石头 1154 格（外扩 24 格）
[19:28:09.976] [.NET TP Worker/INFO] [WastelandSoul]: [壁炉生成] 步骤 2 2/6 壁炉堡垒 开始：世界 900x1300（布局期望 900x1300）
[19:28:10.458] [.NET TP Worker/INFO] [WastelandSoul]: [壁炉生成] 步骤 3 3/6 祈塔 开始：世界 900x1300（布局期望 900x1300）
[19:28:10.518] [.NET TP Worker/INFO] [WastelandSoul]: [壁炉生成] 步骤 4 4/6 地下通道 开始：世界 900x1300（布局期望 900x1300）
[19:28:10.667] [.NET TP Worker/INFO] [WastelandSoul]: [壁炉生成] 步骤 5 5/6 椭球地宫 开始：世界 900x1300（布局期望 900x1300）
[19:28:10.991] [.NET TP Worker/INFO] [WastelandSoul]: [壁炉生成] 地宫照明：火把 73、吊灯 27、书架 0、藤蔓 0 格
[19:28:10.996] [.NET TP Worker/INFO] [WastelandSoul]: [壁炉生成] 地宫：房间 7 间，椭球 744x264 @ (450, 1150)，壳厚 5
[19:28:10.996] [.NET TP Worker/INFO] [WastelandSoul]: [壁炉生成] 步骤 5 5/6 椭球地宫 完成：累计写入 1100611 格
[19:28:10.996] [.NET TP Worker/INFO] [WastelandSoul]: [壁炉生成] 步骤 6 6/6 收尾 开始：世界 900x1300（布局期望 900x1300）
[19:28:12.428] [.NET TP Worker/INFO] [WastelandSoul]: [壁炉生成] 全部完成：累计写入 1100611 格；出生点 (400, 650)；worldSurface=840
[19:28:12.429] [.NET TP Worker/INFO] [WastelandSoul]: [壁炉] 本次进入：本机首次生成
[19:28:12.429] [.NET TP Worker/INFO] [WastelandSoul]: [壁炉生成] 已注册 6 个生成步骤（世界 900x1300）
[19:28:12.439] [Main Thread/INFO] [Terraria]: Entering world with player: 111, IsCloud=False, Width: 900, Height: 1300, Evil: 0, GameMode: 0
[19:28:12.559] [Main Thread/WARN] [LogSpiralLibrary]: Already registered the factory named CoolerItemVisualEffect:MeleeModify_0
 The previous one is replaced.
[19:28:22.559] [.NET TP Worker/ERROR] [InnoVault]: [LoadWorldTileProcessor] The waiting for VaultSave.LoadenWorld to complete has timed out.
[19:30:54.890] [.NET TP Worker/INFO] [StatusText]: 正在备份玩家文件……
[19:30:54.922] [.NET TP Worker/INFO] [StatusText]: 正在清除地图数据：
[19:30:55.019] [.NET TP Worker/INFO] [StatusText]: 正在加载世界数据：
[19:30:55.149] [.NET TP Worker/INFO] [StatusText]: 正在安置液体
[19:30:55.220] [.NET TP Worker/INFO] [StatusText]: 正在加载地图数据：
[19:30:55.234] [.NET TP Worker/INFO] [StatusText]: 正在绘制地图：
[19:30:55.256] [Main Thread/INFO] [Terraria]: Entering world with player: 111, IsCloud=False, Width: 4200, Height: 1200, Evil: 0, GameMode: 0
[19:30:55.360] [Main Thread/WARN] [LogSpiralLibrary]: Already registered the factory named CoolerItemVisualEffect:MeleeModify_0
 The previous one is replaced.
[19:30:56.256] [Main Thread/INFO] [WastelandSoul]: FireplaceGateSystem: 左海门 (205, 315) / 右海门 (3979, 314) 已放置（主世界两侧海洋，海平面高度）
[19:31:42.379] [.NET TP Worker/INFO] [StatusText]: 正在保存地图数据：
[19:31:42.427] [.NET TP Worker/INFO] [StatusText]: 正在备份玩家文件……
[19:31:42.494] [.NET TP Worker/INFO] [StatusText]: 正在保存世界数据：
[19:31:42.565] [.NET TP Worker/INFO] [StatusText]: 正在验证世界保存数据：
[19:31:42.577] [.NET TP Worker/INFO] [StatusText]: 正在备份世界文件
[19:31:42.583] [.NET TP Worker/INFO] [StatusText]: 保存修改后的世界数据
[19:31:42.771] [.NET TP Worker/INFO] [StatusText]: 正在清除地图数据：
[19:31:42.831] [.NET TP Worker/INFO] [WastelandSoul]: [壁炉生成] 步骤 1 1/6 灰烬原野 开始：世界 900x1300（布局期望 900x1300）
[19:31:44.705] [.NET TP Worker/INFO] [WastelandSoul]: [壁炉生成] 灰烬草地表 695 列
[19:31:44.713] [.NET TP Worker/INFO] [WastelandSoul]: [壁炉生成] 地表碎石 70 处
[19:31:44.713] [.NET TP Worker/INFO] [WastelandSoul]: [壁炉生成] 灰烬树 0 棵
[19:31:44.744] [.NET TP Worker/INFO] [WastelandSoul]: [壁炉生成] 自然矿洞 11 处
[19:31:44.744] [.NET TP Worker/INFO] [WastelandSoul]: [壁炉生成] 矿道 0 条
[19:31:44.751] [.NET TP Worker/INFO] [WastelandSoul]: [壁炉生成] 结构附近沙透镜体换成石头 1154 格（外扩 24 格）
[19:31:44.751] [.NET TP Worker/INFO] [WastelandSoul]: [壁炉生成] 步骤 2 2/6 壁炉堡垒 开始：世界 900x1300（布局期望 900x1300）
[19:31:45.227] [.NET TP Worker/INFO] [WastelandSoul]: [壁炉生成] 步骤 3 3/6 祈塔 开始：世界 900x1300（布局期望 900x1300）
[19:31:45.287] [.NET TP Worker/INFO] [WastelandSoul]: [壁炉生成] 步骤 4 4/6 地下通道 开始：世界 900x1300（布局期望 900x1300）
[19:31:45.436] [.NET TP Worker/INFO] [WastelandSoul]: [壁炉生成] 步骤 5 5/6 椭球地宫 开始：世界 900x1300（布局期望 900x1300）
[19:31:45.752] [.NET TP Worker/INFO] [WastelandSoul]: [壁炉生成] 地宫照明：火把 73、吊灯 27、书架 0、藤蔓 0 格
[19:31:45.757] [.NET TP Worker/INFO] [WastelandSoul]: [壁炉生成] 地宫：房间 7 间，椭球 744x264 @ (450, 1150)，壳厚 5
[19:31:45.757] [.NET TP Worker/INFO] [WastelandSoul]: [壁炉生成] 步骤 5 5/6 椭球地宫 完成：累计写入 1100611 格
[19:31:45.757] [.NET TP Worker/INFO] [WastelandSoul]: [壁炉生成] 步骤 6 6/6 收尾 开始：世界 900x1300（布局期望 900x1300）
[19:31:47.161] [.NET TP Worker/INFO] [WastelandSoul]: [壁炉生成] 全部完成：累计写入 1100611 格；出生点 (400, 650)；worldSurface=840
[19:31:47.162] [.NET TP Worker/INFO] [WastelandSoul]: [壁炉] 本次进入：本机首次生成
[19:31:47.162] [.NET TP Worker/INFO] [WastelandSoul]: [壁炉生成] 已注册 6 个生成步骤（世界 900x1300）
[19:31:47.178] [Main Thread/INFO] [Terraria]: Entering world with player: 111, IsCloud=False, Width: 900, Height: 1300, Evil: 0, GameMode: 0
[19:31:47.289] [Main Thread/WARN] [LogSpiralLibrary]: Already registered the factory named CoolerItemVisualEffect:MeleeModify_0
 The previous one is replaced.
[19:31:57.289] [.NET TP Worker/ERROR] [InnoVault]: [LoadWorldTileProcessor] The waiting for VaultSave.LoadenWorld to complete has timed out.
[19:31:57.830] [.NET TP Worker/INFO] [StatusText]: 正在备份玩家文件……
[19:31:57.850] [.NET TP Worker/INFO] [StatusText]: 正在清除地图数据：
[19:31:57.903] [.NET TP Worker/INFO] [StatusText]: 正在加载世界数据：
[19:31:58.027] [.NET TP Worker/INFO] [StatusText]: 正在安置液体
[19:31:58.108] [.NET TP Worker/INFO] [StatusText]: 正在加载地图数据：
[19:31:58.115] [.NET TP Worker/INFO] [StatusText]: 正在绘制地图：
[19:31:58.146] [Main Thread/INFO] [Terraria]: Entering world with player: 111, IsCloud=False, Width: 4200, Height: 1200, Evil: 0, GameMode: 0
[19:31:58.248] [Main Thread/WARN] [LogSpiralLibrary]: Already registered the factory named CoolerItemVisualEffect:MeleeModify_0
 The previous one is replaced.
[19:31:59.145] [Main Thread/INFO] [WastelandSoul]: FireplaceGateSystem: 左海门 (205, 315) / 右海门 (3979, 314) 已放置（主世界两侧海洋，海平面高度）
[19:32:42.872] [Main Thread/WARN] [tML]: 静默捕获异常: 
System.NotImplementedException: The method or operation is not implemented.
   at Ionic.Zlib.DeflateStream.set_Position(Int64 value) in C:\projects\dotnetzip-semverd\src\Zlib.Shared\DeflateStream.cs:line 529
   at Terraria.Audio.WAVAudioTrack.Reuse() in tModLoader\Terraria\Audio\WAVAudioTrack.cs:line 72
   at Terraria.Audio.LegacyAudioSystem.UpdateCommonTrack(Boolean active, Int32 i, Single totalVolume, Single& tempFade) in tModLoader\Terraria\Audio\LegacyAudioSystem.cs:line 259
   at DMD<DMD<>?55630752::Terraria.Main::UpdateAudio>(Main this)
   at Hook<System.Void ImproveGame.Content.Functions.MinorPatches::GraveyardMusicRemoval(Terraria.On_Main+orig_UpdateAudio,Terraria.Main)>(Main )
   at InnoVault.GameSystem.SceneRebuildLoader.OnUpdateAudioHook(On_UpdateAudio_Dlelgate orig, Main main) in InnoVault\GameSystem\SceneRebuildLoader.cs:line 99
   at Hook<System.Void InnoVault.GameSystem.SceneRebuildLoader::OnUpdateAudioHook(InnoVault.GameSystem.SceneRebuildLoader+On_UpdateAudio_Dlelgate,Terraria.Main)>(Main )
   at MEAC.MEAC.Main_UpdateAudio(orig_UpdateAudio orig, Main self) in MEAC.cs:line 309
   at Hook<System.Void MEAC.MEAC::Main_UpdateAudio(Terraria.On_Main+orig_UpdateAudio,Terraria.Main)>(Main )
   at SyncProxy<System.Void Terraria.Main:UpdateAudio()>(Main )
   at DMD<DMD<>?65556707::Terraria.Main::DoUpdate>(Main this, GameTime& gameTime)
   at SyncProxy<System.Void Terraria.Main:DoUpdate(Microsoft.Xna.Framework.GameTime&)>(Main , GameTime& )
   at Terraria.Main.Update(GameTime gameTime) in tModLoader\Terraria\Main.cs:line 14364
   at Microsoft.Xna.Framework.Game.Tick() in D:\a\tModLoader\tModLoader\FNA\src\Game.cs:line 488
   at Microsoft.Xna.Framework.Game.RunLoop() in D:\a\tModLoader\tModLoader\FNA\src\Game.cs:line 878
   at Microsoft.Xna.Framework.Game.Run() in D:\a\tModLoader\tModLoader\FNA\src\Game.cs:line 419
   at Terraria.Program.RunGame() in tModLoader\Terraria\Program.cs:line 271
   at Terraria.Program.LaunchGame_(Boolean isServer) in tModLoader\Terraria\Program.cs:line 245
   at Terraria.Program.LaunchGame(String[] args, Boolean monoArgs) in tModLoader\Terraria\Program.cs:line 218
   at Terraria.MonoLaunch.Main_End(String[] args) in tModLoader\Terraria\MonoLaunch.cs:line 79
   at Terraria.MonoLaunch.<>c__DisplayClass1_0.<Main>b__1() in tModLoader\Terraria\MonoLaunch.cs:line 65

[19:34:56.909] [.NET TP Worker/INFO] [StatusText]: 正在保存世界数据：
[19:34:56.909] [.NET TP Worker/INFO] [StatusText]: 正在备份玩家文件……
[19:34:56.969] [.NET TP Worker/INFO] [StatusText]: 正在验证世界保存数据：
[19:34:56.982] [.NET TP Worker/INFO] [StatusText]: 正在备份世界文件
[19:34:56.992] [.NET TP Worker/INFO] [StatusText]: 保存修改后的世界数据
[19:35:27.523] [.NET TP Worker/INFO] [StatusText]: 正在备份玩家文件……
[19:36:54.731] [.NET TP Worker/INFO] [StatusText]: 正在备份玩家文件……
[19:44:56.987] [.NET TP Worker/INFO] [StatusText]: 正在保存世界数据：
[19:44:57.049] [.NET TP Worker/INFO] [StatusText]: 正在验证世界保存数据：
[19:44:57.061] [.NET TP Worker/INFO] [StatusText]: 正在备份世界文件
[19:44:57.070] [.NET TP Worker/INFO] [StatusText]: 保存修改后的世界数据
[19:45:46.183] [.NET TP Worker/INFO] [StatusText]: 正在备份玩家文件……
[19:48:48.639] [.NET TP Worker/INFO] [StatusText]: 正在保存地图数据：
[19:48:48.678] [.NET TP Worker/INFO] [StatusText]: 正在备份玩家文件……
[19:48:48.739] [.NET TP Worker/INFO] [StatusText]: 正在保存世界数据：
[19:48:48.787] [.NET TP Worker/INFO] [StatusText]: 正在验证世界保存数据：
[19:48:48.799] [.NET TP Worker/INFO] [StatusText]: 正在备份世界文件
[19:48:48.805] [.NET TP Worker/INFO] [StatusText]: 保存修改后的世界数据
[19:48:51.159] [Main Thread/INFO] [BossChecklist]: Log.Indicator.ProgressionMode
[19:48:53.721] [.NET TP Worker/INFO] [Terraria]: Loading World: 不满的人类壶穴, IsCloud=False, Width: 4200, Height: 1200, Evil: 0, GameMode: 0
[19:48:53.723] [.NET TP Worker/INFO] [StatusText]: 正在清除地图数据：
[19:48:53.801] [.NET TP Worker/INFO] [StatusText]: 正在加载世界数据：
[19:48:53.934] [.NET TP Worker/INFO] [StatusText]: 正在安置液体
[19:48:54.009] [.NET TP Worker/INFO] [StatusText]: 正在加载地图数据：
[19:48:54.016] [.NET TP Worker/INFO] [StatusText]: 正在绘制地图：
[19:48:54.039] [Main Thread/INFO] [Terraria]: Entering world with player: 111, IsCloud=False, Width: 4200, Height: 1200, Evil: 0, GameMode: 0
[19:48:54.152] [Main Thread/WARN] [LogSpiralLibrary]: Already registered the factory named CoolerItemVisualEffect:MeleeModify_0
 The previous one is replaced.
[19:48:55.038] [Main Thread/INFO] [WastelandSoul]: FireplaceGateSystem: 左海门 (205, 315) / 右海门 (3979, 314) 已放置（主世界两侧海洋，海平面高度）
[19:55:02.457] [.NET TP Worker/INFO] [StatusText]: 正在保存世界数据：
[19:55:02.457] [.NET TP Worker/INFO] [StatusText]: 正在备份玩家文件……
[19:55:02.510] [.NET TP Worker/INFO] [StatusText]: 正在验证世界保存数据：
[19:55:02.522] [.NET TP Worker/INFO] [StatusText]: 正在备份世界文件
[19:55:02.529] [.NET TP Worker/INFO] [StatusText]: 保存修改后的世界数据
[19:55:32.487] [Main Thread/INFO] [tML]: tModLoader RAM usage has increased: 3.0 GB
[20:04:12.267] [.NET TP Worker/INFO] [StatusText]: 正在保存地图数据：
[20:04:12.310] [.NET TP Worker/INFO] [StatusText]: 正在备份玩家文件……
[20:04:12.379] [.NET TP Worker/INFO] [StatusText]: 正在保存世界数据：
[20:04:12.427] [.NET TP Worker/INFO] [StatusText]: 正在验证世界保存数据：
[20:04:12.439] [.NET TP Worker/INFO] [StatusText]: 正在备份世界文件
[20:04:12.445] [.NET TP Worker/INFO] [StatusText]: 保存修改后的世界数据
[20:04:13.188] [Main Thread/DEBUG] [TerrariaSteamClient]: Send: shutdown
