__GL_SHADER_DISK_CACHE_APP_NAME=steamapp_shader_cache
__GL_SHADER_DISK_CACHE_PATH=E:/steam/steamapps/shadercache/1281930/nvidiav1
__GL_SHADER_DISK_CACHE_READ_ONLY_APP_NAME=steam_shader_cache;steamapp_merged_shader_cache
__GL_SHADER_DISK_CACHE_SKIP_CLEANUP=1
ACSETUPSVCPORT=23210
ALLUSERSPROFILE=C:/ProgramData
AMD_VK_PIPELINE_CACHE_FILENAME=steamapp_shader_cache
AMD_VK_PIPELINE_CACHE_PATH=E:/steam/steamapps/shadercache/1281930/AMDv1
AMD_VK_USE_PIPELINE_CACHE=1
APPDATA=C:/Users/p老师/AppData/Roaming
BB_GLOBBING=0
COMMON_MYDOCS=C:/Users/Public/Documents
COMMONPROGRAMFILES=C:/Program Files/Common Files
COMMONPROGRAMFILES_X86_=C:/Program Files (x86)/Common Files
COMMONPROGRAMFILES(X86)=C:/Program Files (x86)/Common Files
COMMONPROGRAMW6432=C:/Program Files/Common Files
COMPUTERNAME=P
COMSPEC=C:\WINDOWS\system32\cmd.exe
dotnet_dir=E:/steam/steamapps/common/tModLoader/dotnet
DOTNET_ROLL_FORWARD=Disable
dotnet_version=8.0.0
DRIVERDATA=C:/Windows/System32/Drivers/DriverData
DXVK_STATE_CACHE_PATH=E:/steam/steamapps/shadercache/1281930/DXVK_state_cache
EFC_9192_1262719628=1
EFC_9192_1592913036=1
EFC_9192_2283032206=1
EFC_9192_2775293581=1
EFC_9192_3789132940=1
ENABLE_VK_LAYER_VALVE_STEAM_FOSSILIZE_1=1
ENABLE_VK_LAYER_VALVE_STEAM_OVERLAY_1=1
ENABLECONFIGURATORSUPPORT=4096
FNA_WORKAROUND_WINDOW_RESIZABLE=1
FOSSILIZE_APPLICATION_INFO_FILTER_PATH=E:/fossilize_engine_filters.json
HOME=C:/Users/p老师
HOMEDRIVE=C:
HOMEPATH=/Users/p老师
INSTALLDIR=E:/steam/steamapps/common/Steamworks Shared
INTELLIJ IDEA=E:/idea/IntelliJ IDEA 2026.1.4/bin
INTELLIJ_IDEA=E:/idea/IntelliJ IDEA 2026.1.4/bin
JAVA_HOME=C:/Program Files/Eclipse Adoptium/jdk-25.0.3.9-hotspot/
LOCAL_APPDATA=C:/Users/p老师/AppData/Local
LOCALAPPDATA=C:/Users/p老师/AppData/Local
LOGNAME=p老师
LOGONSERVER=//P
MESA_DISK_CACHE_READ_ONLY_FOZ_DBS=steam_cache,steam_precompiled
MESA_DISK_CACHE_SINGLE_FILE=1
MESA_GLSL_CACHE_DIR=E:/steam/steamapps/shadercache/1281930
MESA_GLSL_CACHE_MAX_SIZE=5G
MESA_SHADER_CACHE_DIR=E:/steam/steamapps/shadercache/1281930
MESA_SHADER_CACHE_MAX_SIZE=5G
NUMBER_OF_PROCESSORS=16
OLDPWD=E:/steam/steamapps/common/tModLoader/LaunchUtils
ONEDRIVE=C:/Users/p老师/OneDrive
ONEDRIVECONSUMER=C:/Users/p老师/OneDrive
OS=Windows_NT
PATH=E:/steam/steamapps/common/tModLoader/Libraries/Native/Windows;D:/jdk/bin;C:/Program Files/Eclipse Adoptium/jdk-25.0.3.9-hotspot/bin;C:/Windows/system32;C:/Windows;C:/Windows/System32/Wbem;C:/Windows/System32/WindowsPowerShell/v1.0/;C:/Windows/System32/OpenSSH/;C:/Program Files (x86)/NVIDIA Corporation/PhysX/Common;C:/Program Files/Microsoft SQL Server/150/Tools/Binn/;C:/Program Files/dotnet/;C:/WINDOWS/system32;C:/WINDOWS;C:/WINDOWS/System32/Wbem;C:/WINDOWS/System32/WindowsPowerShell/v1.0/;C:/WINDOWS/System32/OpenSSH/;E:/BBBBBBB/AAAAAA/quatus/quartus/bin;C:/Program Files/NVIDIA Corporation/NVIDIA App/NvDLISR;C:/Program Files/Git/cmd;C:/Program Files/GitHub CLI/;C:/Users/p老师/AppData/Local/Microsoft/WindowsApps;E:/BBBBBBB/AAAAAA/quatus/modelsim_ase/win32aloem;E:/BBBBBBB/AAAAAA/quatus/modelsim_ae/win32aloem;C:/Users/p老师/AppData/Local/Programs/Microsoft VS Code/bin;E:/idea/IntelliJ IDEA 2026.1.4/bin;
PATHEXT=.COM;.EXE;.BAT;.CMD;.VBS;.VBE;.JS;.JSE;.WSF;.WSH;.MSC
PROCESSOR_ARCHITECTURE=AMD64
PROCESSOR_IDENTIFIER=Intel64 Family 6 Model 186 Stepping 2, GenuineIntel
PROCESSOR_LEVEL=6
PROCESSOR_REVISION=ba02
PROGRAMDATA=C:/ProgramData
PROGRAMFILES=C:/Program Files
PROGRAMFILES_X86_=C:/Program Files (x86)
PROGRAMFILES(X86)=C:/Program Files (x86)
PROGRAMW6432=C:/Program Files
PROMPT=$P$G
PSMODULEPATH=C:/Program Files/WindowsPowerShell/Modules;C:/WINDOWS/system32/WindowsPowerShell/v1.0/Modules
PT8HOME=C:/Program Files/Cisco Packet Tracer 8.0
PUBLIC=C:/Users/Public
PWD=E:/steam/steamapps/common/tModLoader
QT_DEVICE_PIXEL_RATIO=auto
QUARTUS_ROOTDIR=E:/BBBBBBB/AAAAAA/quatus/quartus
RLSSVCPORT=22112
ROOTDRIVE=E
SDL_GAMECONTROLLER_ALLOW_STEAM_VIRTUAL_GAMEPAD=1
SDL_GAMECONTROLLER_IGNORE_DEVICES=0x28de/0x1002,0x28de/0x1003,0x28de/0x1071,0x28de/0x1052,0x28de/0x1042,0x28de/0x1203,0x28de/0x1204,0x28de/0x1205,0x28de/0x1206,0x28de/0x1302,0x28de/0x1303,0x28de/0x1304,0x28de/0x1305,0x28de/0x12ff,0x28de/0x12fe,0x28de/0x12fd,0x28de/0x12fc,0x28de/0x12fb,0x28de/0x12fa,0x28de/0x12f9,0x28de/0x12f8,0x28de/0x12f7,0x28de/0x12f6,0x28de/0x12f5,0x28de/0x12f4,0x28de/0x12f3,0x28de/0x12f2,0x28de/0x12f1,0x28de/0x12f0,0x28DE/0x11E0,0x2dc8/0x6000,0x2dc8/0x6100,0x2dc8/0x6001,0x2dc8/0x6101,0x2dc8/0x6003,0x2dc8/0x6006,0x2dc8/0x6009,0x2dc8/0x6012,0x0000/0x11fb,0x28de/0x1101,0x28de/0x1102,0x28de/0x1105,0x28de/0x1106,0x28de/0x1142,0x28de/0x1201,0x28de/0x1202,0x28de/0x1205,0x28de/0x1220,0x28de/0x1302,0x28de/0x1303,0x28de/0x1304,0x28de/0x1305,0x0f0d/0x01ab,0x0f0d/0x0196,
SDL_JOYSTICK_HIDAPI_STEAMXBOX=0
SESSIONNAME=Console
SHELL=/bin/sh
SHLVL=1
SOPC_KIT_NIOS2=E:/BBBBBBB/AAAAAA/quatus/nios2eds
STEAM_COMPAT_MEDIA_PATH=E:/steam/steamapps/shadercache/1281930/fozmediav1
STEAM_COMPAT_TRANSCODED_MEDIA_PATH=E:/steam/steamapps/shadercache/1281930
STEAM_FOSSILIZE_DUMP_PATH=E:/steam/steamapps/shadercache/1281930/fozpipelinesv6/steamapprun_pipeline_cache
STEAM_FOSSILIZE_DUMP_PATH_READ_ONLY=$bucketdir/steam_pipeline_cache.foz;$bucketdir/steamapp_pipeline_cache.foz
STEAMAPPID=1281930
STEAMAPPUSER=panqi49
STEAMCLIENTLAUNCH=1
STEAMENV=1
STEAMGAMEID=1281930
STEAMID=76561199191759778
STEAMOVERLAYGAMEID=1281930
STEAMPATH=E:/steam
STEAMUSER=panqi49
STEAMVIDEOTOKEN=12916
32f5h290g53047gv5034nbvt923b

STEAMVIRTUALGAMEPADINFO=E:/steam/config/virtualgamepadinfo.txt
SYSTEMDRIVE=C:
SYSTEMROOT=C:\WINDOWS
TEMP=C:/Users/p老师/AppData/Local/Temp
TMP=C:/Users/p老师/AppData/Local/Temp
USER=p老师
USER_MYDOCS=C:/Users/p老师/Documents
USERDOMAIN=P
USERDOMAIN_ROAMINGPROFILE=P
USERNAME=p老师
USERPROFILE=C:/Users/p老师
VALVEPLATFORMMUTEX=e:/steam/steam.exe
WINDIR=C:\WINDOWS
WINDOWS_MAJOR=10
WINDOWS_MINOR=0
ZES_ENABLE_SYSMAN=1
